------------------------------------------------------------
Timing Analyzer Summary
------------------------------------------------------------

Type  : Slow 1100mV 85C Model Setup 'fpga_clk_50'
Slack : 11.461
TNS   : 0.000

Type  : Slow 1100mV 85C Model Setup 'altera_reserved_tck'
Slack : 12.160
TNS   : 0.000

Type  : Slow 1100mV 85C Model Hold 'altera_reserved_tck'
Slack : 0.126
TNS   : 0.000

Type  : Slow 1100mV 85C Model Hold 'fpga_clk_50'
Slack : 0.311
TNS   : 0.000

Type  : Slow 1100mV 85C Model Recovery 'altera_reserved_tck'
Slack : 14.433
TNS   : 0.000

Type  : Slow 1100mV 85C Model Recovery 'fpga_clk_50'
Slack : 15.122
TNS   : 0.000

Type  : Slow 1100mV 85C Model Removal 'fpga_clk_50'
Slack : 0.527
TNS   : 0.000

Type  : Slow 1100mV 85C Model Removal 'altera_reserved_tck'
Slack : 1.032
TNS   : 0.000

Type  : Slow 1100mV 85C Model Minimum Pulse Width 'fpga_clk_50'
Slack : 8.848
TNS   : 0.000

Type  : Slow 1100mV 85C Model Minimum Pulse Width 'altera_reserved_tck'
Slack : 15.848
TNS   : 0.000

Type  : Slow 1100mV 0C Model Setup 'fpga_clk_50'
Slack : 11.739
TNS   : 0.000

Type  : Slow 1100mV 0C Model Setup 'altera_reserved_tck'
Slack : 12.232
TNS   : 0.000

Type  : Slow 1100mV 0C Model Hold 'altera_reserved_tck'
Slack : 0.112
TNS   : 0.000

Type  : Slow 1100mV 0C Model Hold 'fpga_clk_50'
Slack : 0.271
TNS   : 0.000

Type  : Slow 1100mV 0C Model Recovery 'altera_reserved_tck'
Slack : 14.526
TNS   : 0.000

Type  : Slow 1100mV 0C Model Recovery 'fpga_clk_50'
Slack : 15.292
TNS   : 0.000

Type  : Slow 1100mV 0C Model Removal 'fpga_clk_50'
Slack : 0.470
TNS   : 0.000

Type  : Slow 1100mV 0C Model Removal 'altera_reserved_tck'
Slack : 0.961
TNS   : 0.000

Type  : Slow 1100mV 0C Model Minimum Pulse Width 'fpga_clk_50'
Slack : 8.798
TNS   : 0.000

Type  : Slow 1100mV 0C Model Minimum Pulse Width 'altera_reserved_tck'
Slack : 15.850
TNS   : 0.000

Type  : Fast 1100mV 85C Model Setup 'altera_reserved_tck'
Slack : 14.192
TNS   : 0.000

Type  : Fast 1100mV 85C Model Setup 'fpga_clk_50'
Slack : 14.197
TNS   : 0.000

Type  : Fast 1100mV 85C Model Hold 'altera_reserved_tck'
Slack : 0.035
TNS   : 0.000

Type  : Fast 1100mV 85C Model Hold 'fpga_clk_50'
Slack : 0.179
TNS   : 0.000

Type  : Fast 1100mV 85C Model Recovery 'altera_reserved_tck'
Slack : 15.436
TNS   : 0.000

Type  : Fast 1100mV 85C Model Recovery 'fpga_clk_50'
Slack : 16.619
TNS   : 0.000

Type  : Fast 1100mV 85C Model Removal 'fpga_clk_50'
Slack : 0.292
TNS   : 0.000

Type  : Fast 1100mV 85C Model Removal 'altera_reserved_tck'
Slack : 0.558
TNS   : 0.000

Type  : Fast 1100mV 85C Model Minimum Pulse Width 'fpga_clk_50'
Slack : 8.795
TNS   : 0.000

Type  : Fast 1100mV 85C Model Minimum Pulse Width 'altera_reserved_tck'
Slack : 15.822
TNS   : 0.000

Type  : Fast 1100mV 0C Model Setup 'altera_reserved_tck'
Slack : 14.464
TNS   : 0.000

Type  : Fast 1100mV 0C Model Setup 'fpga_clk_50'
Slack : 14.932
TNS   : 0.000

Type  : Fast 1100mV 0C Model Hold 'altera_reserved_tck'
Slack : 0.021
TNS   : 0.000

Type  : Fast 1100mV 0C Model Hold 'fpga_clk_50'
Slack : 0.160
TNS   : 0.000

Type  : Fast 1100mV 0C Model Recovery 'altera_reserved_tck'
Slack : 15.610
TNS   : 0.000

Type  : Fast 1100mV 0C Model Recovery 'fpga_clk_50'
Slack : 17.015
TNS   : 0.000

Type  : Fast 1100mV 0C Model Removal 'fpga_clk_50'
Slack : 0.236
TNS   : 0.000

Type  : Fast 1100mV 0C Model Removal 'altera_reserved_tck'
Slack : 0.490
TNS   : 0.000

Type  : Fast 1100mV 0C Model Minimum Pulse Width 'fpga_clk_50'
Slack : 8.788
TNS   : 0.000

Type  : Fast 1100mV 0C Model Minimum Pulse Width 'altera_reserved_tck'
Slack : 15.830
TNS   : 0.000

------------------------------------------------------------
