Archive member included to satisfy reference by file (symbol)

../niosEntrega_bsp//libhal_bsp.a(alt_load.o)
                              ../niosEntrega_bsp//obj/HAL/src/crt0.o (alt_load)
../niosEntrega_bsp//libhal_bsp.a(alt_main.o)
                              ../niosEntrega_bsp//obj/HAL/src/crt0.o (alt_main)
../niosEntrega_bsp//libhal_bsp.a(alt_usleep.o)
                              obj/default/hello_world.o (usleep)
../niosEntrega_bsp//libhal_bsp.a(alt_sys_init.o)
                              ../niosEntrega_bsp//libhal_bsp.a(alt_main.o) (alt_irq_init)
../niosEntrega_bsp//libhal_bsp.a(altera_avalon_jtag_uart_fd.o)
                              ../niosEntrega_bsp//libhal_bsp.a(alt_sys_init.o) (altera_avalon_jtag_uart_read_fd)
../niosEntrega_bsp//libhal_bsp.a(altera_avalon_jtag_uart_read.o)
                              ../niosEntrega_bsp//libhal_bsp.a(altera_avalon_jtag_uart_fd.o) (altera_avalon_jtag_uart_read)
../niosEntrega_bsp//libhal_bsp.a(altera_avalon_jtag_uart_write.o)
                              ../niosEntrega_bsp//libhal_bsp.a(altera_avalon_jtag_uart_fd.o) (altera_avalon_jtag_uart_write)
../niosEntrega_bsp//libhal_bsp.a(alt_busy_sleep.o)
                              ../niosEntrega_bsp//libhal_bsp.a(alt_usleep.o) (alt_busy_sleep)
../niosEntrega_bsp//libhal_bsp.a(alt_close.o)
                              ../niosEntrega_bsp//libhal_bsp.a(alt_main.o) (close)
../niosEntrega_bsp//libhal_bsp.a(alt_dcache_flush_all.o)
                              ../niosEntrega_bsp//libhal_bsp.a(alt_load.o) (alt_dcache_flush_all)
../niosEntrega_bsp//libhal_bsp.a(alt_dev.o)
                              ../niosEntrega_bsp//libhal_bsp.a(alt_sys_init.o) (alt_dev_list)
../niosEntrega_bsp//libhal_bsp.a(alt_dev_llist_insert.o)
                              ../niosEntrega_bsp//libhal_bsp.a(alt_sys_init.o) (alt_dev_llist_insert)
../niosEntrega_bsp//libhal_bsp.a(alt_do_ctors.o)
                              ../niosEntrega_bsp//libhal_bsp.a(alt_main.o) (_do_ctors)
../niosEntrega_bsp//libhal_bsp.a(alt_do_dtors.o)
                              ../niosEntrega_bsp//libhal_bsp.a(alt_main.o) (_do_dtors)
../niosEntrega_bsp//libhal_bsp.a(alt_errno.o)
                              ../niosEntrega_bsp//libhal_bsp.a(alt_close.o) (alt_errno)
../niosEntrega_bsp//libhal_bsp.a(alt_icache_flush_all.o)
                              ../niosEntrega_bsp//libhal_bsp.a(alt_load.o) (alt_icache_flush_all)
../niosEntrega_bsp//libhal_bsp.a(alt_io_redirect.o)
                              ../niosEntrega_bsp//libhal_bsp.a(alt_main.o) (alt_io_redirect)
../niosEntrega_bsp//libhal_bsp.a(alt_open.o)
                              ../niosEntrega_bsp//libhal_bsp.a(alt_io_redirect.o) (open)
../niosEntrega_bsp//libhal_bsp.a(alt_release_fd.o)
                              ../niosEntrega_bsp//libhal_bsp.a(alt_close.o) (alt_release_fd)
../niosEntrega_bsp//libhal_bsp.a(altera_nios2_gen2_irq.o)
                              ../niosEntrega_bsp//libhal_bsp.a(alt_sys_init.o) (altera_nios2_gen2_irq_init)
../niosEntrega_bsp//libhal_bsp.a(alt_find_dev.o)
                              ../niosEntrega_bsp//libhal_bsp.a(alt_open.o) (alt_find_dev)
../niosEntrega_bsp//libhal_bsp.a(alt_find_file.o)
                              ../niosEntrega_bsp//libhal_bsp.a(alt_open.o) (alt_find_file)
../niosEntrega_bsp//libhal_bsp.a(alt_get_fd.o)
                              ../niosEntrega_bsp//libhal_bsp.a(alt_open.o) (alt_get_fd)
/home/labarqcomp/intelFPGA/18.1/nios2eds/bin/gnu/H-x86_64-pc-linux-gnu/bin/../lib/gcc/nios2-elf/5.3.0/../../../../../H-x86_64-pc-linux-gnu/nios2-elf/lib/mno-hw-mul/libc.a(lib_a-atexit.o)
                              ../niosEntrega_bsp//libhal_bsp.a(alt_main.o) (atexit)
/home/labarqcomp/intelFPGA/18.1/nios2eds/bin/gnu/H-x86_64-pc-linux-gnu/bin/../lib/gcc/nios2-elf/5.3.0/../../../../../H-x86_64-pc-linux-gnu/nios2-elf/lib/mno-hw-mul/libc.a(lib_a-exit.o)
                              ../niosEntrega_bsp//libhal_bsp.a(alt_main.o) (exit)
/home/labarqcomp/intelFPGA/18.1/nios2eds/bin/gnu/H-x86_64-pc-linux-gnu/bin/../lib/gcc/nios2-elf/5.3.0/../../../../../H-x86_64-pc-linux-gnu/nios2-elf/lib/mno-hw-mul/libc.a(lib_a-impure.o)
                              /home/labarqcomp/intelFPGA/18.1/nios2eds/bin/gnu/H-x86_64-pc-linux-gnu/bin/../lib/gcc/nios2-elf/5.3.0/../../../../../H-x86_64-pc-linux-gnu/nios2-elf/lib/mno-hw-mul/libc.a(lib_a-exit.o) (_global_impure_ptr)
/home/labarqcomp/intelFPGA/18.1/nios2eds/bin/gnu/H-x86_64-pc-linux-gnu/bin/../lib/gcc/nios2-elf/5.3.0/../../../../../H-x86_64-pc-linux-gnu/nios2-elf/lib/mno-hw-mul/libc.a(lib_a-int_errno.o)
                              ../niosEntrega_bsp//libhal_bsp.a(alt_close.o) (errno)
/home/labarqcomp/intelFPGA/18.1/nios2eds/bin/gnu/H-x86_64-pc-linux-gnu/bin/../lib/gcc/nios2-elf/5.3.0/../../../../../H-x86_64-pc-linux-gnu/nios2-elf/lib/mno-hw-mul/libc.a(lib_a-memcmp.o)
                              ../niosEntrega_bsp//libhal_bsp.a(alt_find_dev.o) (memcmp)
/home/labarqcomp/intelFPGA/18.1/nios2eds/bin/gnu/H-x86_64-pc-linux-gnu/bin/../lib/gcc/nios2-elf/5.3.0/../../../../../H-x86_64-pc-linux-gnu/nios2-elf/lib/mno-hw-mul/libc.a(lib_a-strlen.o)
                              ../niosEntrega_bsp//libhal_bsp.a(alt_find_dev.o) (strlen)
/home/labarqcomp/intelFPGA/18.1/nios2eds/bin/gnu/H-x86_64-pc-linux-gnu/bin/../lib/gcc/nios2-elf/5.3.0/../../../../../H-x86_64-pc-linux-gnu/nios2-elf/lib/mno-hw-mul/libc.a(lib_a-__atexit.o)
                              /home/labarqcomp/intelFPGA/18.1/nios2eds/bin/gnu/H-x86_64-pc-linux-gnu/bin/../lib/gcc/nios2-elf/5.3.0/../../../../../H-x86_64-pc-linux-gnu/nios2-elf/lib/mno-hw-mul/libc.a(lib_a-atexit.o) (__register_exitproc)
/home/labarqcomp/intelFPGA/18.1/nios2eds/bin/gnu/H-x86_64-pc-linux-gnu/bin/../lib/gcc/nios2-elf/5.3.0/../../../../../H-x86_64-pc-linux-gnu/nios2-elf/lib/mno-hw-mul/libc.a(lib_a-__call_atexit.o)
                              /home/labarqcomp/intelFPGA/18.1/nios2eds/bin/gnu/H-x86_64-pc-linux-gnu/bin/../lib/gcc/nios2-elf/5.3.0/../../../../../H-x86_64-pc-linux-gnu/nios2-elf/lib/mno-hw-mul/libc.a(lib_a-exit.o) (__call_exitprocs)
/home/labarqcomp/intelFPGA/18.1/nios2eds/bin/gnu/H-x86_64-pc-linux-gnu/bin/../lib/gcc/nios2-elf/5.3.0/mno-hw-mul/libgcc.a(lib2-divmod.o)
                              ../niosEntrega_bsp//libhal_bsp.a(alt_busy_sleep.o) (__udivsi3)
/home/labarqcomp/intelFPGA/18.1/nios2eds/bin/gnu/H-x86_64-pc-linux-gnu/bin/../lib/gcc/nios2-elf/5.3.0/mno-hw-mul/libgcc.a(lib2-mul.o)
                              ../niosEntrega_bsp//libhal_bsp.a(alt_busy_sleep.o) (__mulsi3)
../niosEntrega_bsp//libhal_bsp.a(alt_exit.o)
                              /home/labarqcomp/intelFPGA/18.1/nios2eds/bin/gnu/H-x86_64-pc-linux-gnu/bin/../lib/gcc/nios2-elf/5.3.0/../../../../../H-x86_64-pc-linux-gnu/nios2-elf/lib/mno-hw-mul/libc.a(lib_a-exit.o) (_exit)

Allocating common symbols
Common symbol       size              file

errno               0x4               /home/labarqcomp/intelFPGA/18.1/nios2eds/bin/gnu/H-x86_64-pc-linux-gnu/bin/../lib/gcc/nios2-elf/5.3.0/../../../../../H-x86_64-pc-linux-gnu/nios2-elf/lib/mno-hw-mul/libc.a(lib_a-int_errno.o)

Memory Configuration

Name             Origin             Length             Attributes
reset            0x0000000000020000 0x0000000000000020
onchip_memory2_0 0x0000000000020020 0x000000000001d4a0
*default*        0x0000000000000000 0xffffffffffffffff

Linker script and memory map

LOAD ../niosEntrega_bsp//obj/HAL/src/crt0.o
LOAD obj/default/hello_world.o
LOAD /home/labarqcomp/intelFPGA/18.1/nios2eds/bin/gnu/H-x86_64-pc-linux-gnu/bin/../lib/gcc/nios2-elf/5.3.0/../../../../../H-x86_64-pc-linux-gnu/nios2-elf/lib/mno-hw-mul/libstdc++.a
LOAD /home/labarqcomp/intelFPGA/18.1/nios2eds/bin/gnu/H-x86_64-pc-linux-gnu/bin/../lib/gcc/nios2-elf/5.3.0/../../../../../H-x86_64-pc-linux-gnu/nios2-elf/lib/mno-hw-mul/libm.a
LOAD /home/labarqcomp/intelFPGA/18.1/nios2eds/bin/gnu/H-x86_64-pc-linux-gnu/bin/../lib/gcc/nios2-elf/5.3.0/mno-hw-mul/libgcc.a
START GROUP
LOAD /home/labarqcomp/intelFPGA/18.1/nios2eds/bin/gnu/H-x86_64-pc-linux-gnu/bin/../lib/gcc/nios2-elf/5.3.0/../../../../../H-x86_64-pc-linux-gnu/nios2-elf/lib/mno-hw-mul/libc.a
LOAD /home/labarqcomp/intelFPGA/18.1/nios2eds/bin/gnu/H-x86_64-pc-linux-gnu/bin/../lib/gcc/nios2-elf/5.3.0/mno-hw-mul/libgcc.a
LOAD ../niosEntrega_bsp//libhal_bsp.a
LOAD /home/labarqcomp/intelFPGA/18.1/nios2eds/bin/gnu/H-x86_64-pc-linux-gnu/bin/../lib/gcc/nios2-elf/5.3.0/../../../../../H-x86_64-pc-linux-gnu/nios2-elf/lib/mno-hw-mul/libm.a
END GROUP
LOAD /home/labarqcomp/intelFPGA/18.1/nios2eds/bin/gnu/H-x86_64-pc-linux-gnu/bin/../lib/gcc/nios2-elf/5.3.0/mno-hw-mul/libgcc.a
                0x0000000000020000                __alt_mem_onchip_memory2_0 = 0x20000

.entry          0x0000000000020000       0x20
 *(.entry)
 .entry         0x0000000000020000       0x20 ../niosEntrega_bsp//obj/HAL/src/crt0.o
                0x0000000000020000                __reset

.exceptions     0x0000000000020020        0x0
                0x0000000000020020                PROVIDE (__ram_exceptions_start, ABSOLUTE (.))
                0x0000000000020020                . = ALIGN (0x20)
 *(.irq)
 *(.exceptions.entry.label)
 *(.exceptions.entry.user)
 *(.exceptions.entry.ecc_fatal)
 *(.exceptions.entry)
 *(.exceptions.irqtest.user)
 *(.exceptions.irqtest)
 *(.exceptions.irqhandler.user)
 *(.exceptions.irqhandler)
 *(.exceptions.irqreturn.user)
 *(.exceptions.irqreturn)
 *(.exceptions.notirq.label)
 *(.exceptions.notirq.user)
 *(.exceptions.notirq)
 *(.exceptions.soft.user)
 *(.exceptions.soft)
 *(.exceptions.unknown.user)
 *(.exceptions.unknown)
 *(.exceptions.exit.label)
 *(.exceptions.exit.user)
 *(.exceptions.exit)
 *(.exceptions)
                0x0000000000020020                PROVIDE (__ram_exceptions_end, ABSOLUTE (.))
                0x0000000000020020                PROVIDE (__flash_exceptions_start, LOADADDR (.exceptions))

.text           0x0000000000020020     0x1794
                [!provide]                        PROVIDE (stext, ABSOLUTE (.))
 *(.interp)
 *(.hash)
 *(.dynsym)
 *(.dynstr)
 *(.gnu.version)
 *(.gnu.version_d)
 *(.gnu.version_r)
 *(.rel.init)
 *(.rela.init)
 *(.rel.text .rel.text.* .rel.gnu.linkonce.t.*)
 *(.rela.text .rela.text.* .rela.gnu.linkonce.t.*)
 *(.rel.fini)
 *(.rela.fini)
 *(.rel.rodata .rel.rodata.* .rel.gnu.linkonce.r.*)
 *(.rela.rodata .rela.rodata.* .rela.gnu.linkonce.r.*)
 *(.rel.data .rel.data.* .rel.gnu.linkonce.d.*)
 *(.rela.data .rela.data.* .rela.gnu.linkonce.d.*)
 *(.rel.tdata .rel.tdata.* .rel.gnu.linkonce.td.*)
 *(.rela.tdata .rela.tdata.* .rela.gnu.linkonce.td.*)
 *(.rel.tbss .rel.tbss.* .rel.gnu.linkonce.tb.*)
 *(.rela.tbss .rela.tbss.* .rela.gnu.linkonce.tb.*)
 *(.rel.ctors)
 *(.rela.ctors)
 *(.rel.dtors)
 *(.rela.dtors)
 *(.rel.got)
 *(.rela.got)
 *(.rel.sdata .rel.sdata.* .rel.gnu.linkonce.s.*)
 *(.rela.sdata .rela.sdata.* .rela.gnu.linkonce.s.*)
 *(.rel.sbss .rel.sbss.* .rel.gnu.linkonce.sb.*)
 *(.rela.sbss .rela.sbss.* .rela.gnu.linkonce.sb.*)
 *(.rel.sdata2 .rel.sdata2.* .rel.gnu.linkonce.s2.*)
 *(.rela.sdata2 .rela.sdata2.* .rela.gnu.linkonce.s2.*)
 *(.rel.sbss2 .rel.sbss2.* .rel.gnu.linkonce.sb2.*)
 *(.rela.sbss2 .rela.sbss2.* .rela.gnu.linkonce.sb2.*)
 *(.rel.bss .rel.bss.* .rel.gnu.linkonce.b.*)
 *(.rela.bss .rela.bss.* .rela.gnu.linkonce.b.*)
 *(.rel.plt)
 *(.rela.plt)
 *(.rel.dyn)
 *(.init)
 *(.plt)
 *(.text .stub .text.* .gnu.linkonce.t.*)
 .text          0x0000000000020020       0x3c ../niosEntrega_bsp//obj/HAL/src/crt0.o
                0x0000000000020020                _start
 .text          0x000000000002005c      0x178 obj/default/hello_world.o
                0x000000000002005c                delay
                0x00000000000200a0                main
 .text          0x00000000000201d4       0xec ../niosEntrega_bsp//libhal_bsp.a(alt_load.o)
                0x000000000002023c                alt_load
 .text          0x00000000000202c0       0x7c ../niosEntrega_bsp//libhal_bsp.a(alt_main.o)
                0x00000000000202c0                alt_main
 .text          0x000000000002033c       0x30 ../niosEntrega_bsp//libhal_bsp.a(alt_usleep.o)
                0x000000000002033c                usleep
 .text          0x000000000002036c       0xa0 ../niosEntrega_bsp//libhal_bsp.a(alt_sys_init.o)
                0x00000000000203a0                alt_irq_init
                0x00000000000203d8                alt_sys_init
 .text          0x000000000002040c       0xc0 ../niosEntrega_bsp//libhal_bsp.a(altera_avalon_jtag_uart_fd.o)
                0x000000000002040c                altera_avalon_jtag_uart_read_fd
                0x000000000002046c                altera_avalon_jtag_uart_write_fd
 .text          0x00000000000204cc       0xec ../niosEntrega_bsp//libhal_bsp.a(altera_avalon_jtag_uart_read.o)
                0x00000000000204cc                altera_avalon_jtag_uart_read
 .text          0x00000000000205b8       0x94 ../niosEntrega_bsp//libhal_bsp.a(altera_avalon_jtag_uart_write.o)
                0x00000000000205b8                altera_avalon_jtag_uart_write
 .text          0x000000000002064c      0x158 ../niosEntrega_bsp//libhal_bsp.a(alt_busy_sleep.o)
                0x000000000002064c                alt_busy_sleep
 .text          0x00000000000207a4      0x114 ../niosEntrega_bsp//libhal_bsp.a(alt_close.o)
                0x00000000000207e0                close
 .text          0x00000000000208b8       0x20 ../niosEntrega_bsp//libhal_bsp.a(alt_dcache_flush_all.o)
                0x00000000000208b8                alt_dcache_flush_all
 .text          0x00000000000208d8       0x2c ../niosEntrega_bsp//libhal_bsp.a(alt_dev.o)
 .text          0x0000000000020904       0xe0 ../niosEntrega_bsp//libhal_bsp.a(alt_dev_llist_insert.o)
                0x0000000000020940                alt_dev_llist_insert
 .text          0x00000000000209e4       0x60 ../niosEntrega_bsp//libhal_bsp.a(alt_do_ctors.o)
                0x00000000000209e4                _do_ctors
 .text          0x0000000000020a44       0x60 ../niosEntrega_bsp//libhal_bsp.a(alt_do_dtors.o)
                0x0000000000020a44                _do_dtors
 .text          0x0000000000020aa4        0x0 ../niosEntrega_bsp//libhal_bsp.a(alt_errno.o)
 .text          0x0000000000020aa4       0x20 ../niosEntrega_bsp//libhal_bsp.a(alt_icache_flush_all.o)
                0x0000000000020aa4                alt_icache_flush_all
 .text          0x0000000000020ac4      0x160 ../niosEntrega_bsp//libhal_bsp.a(alt_io_redirect.o)
                0x0000000000020ba8                alt_io_redirect
 .text          0x0000000000020c24      0x284 ../niosEntrega_bsp//libhal_bsp.a(alt_open.o)
                0x0000000000020d4c                open
 .text          0x0000000000020ea8       0x84 ../niosEntrega_bsp//libhal_bsp.a(alt_release_fd.o)
                0x0000000000020ea8                alt_release_fd
 .text          0x0000000000020f2c       0x24 ../niosEntrega_bsp//libhal_bsp.a(altera_nios2_gen2_irq.o)
                0x0000000000020f2c                altera_nios2_gen2_irq_init
 .text          0x0000000000020f50       0x90 ../niosEntrega_bsp//libhal_bsp.a(alt_find_dev.o)
                0x0000000000020f50                alt_find_dev
 .text          0x0000000000020fe0      0x108 ../niosEntrega_bsp//libhal_bsp.a(alt_find_file.o)
                0x0000000000020fe0                alt_find_file
 .text          0x00000000000210e8       0xc4 ../niosEntrega_bsp//libhal_bsp.a(alt_get_fd.o)
                0x00000000000210e8                alt_get_fd
 .text          0x00000000000211ac        0x0 /home/labarqcomp/intelFPGA/18.1/nios2eds/bin/gnu/H-x86_64-pc-linux-gnu/bin/../lib/gcc/nios2-elf/5.3.0/../../../../../H-x86_64-pc-linux-gnu/nios2-elf/lib/mno-hw-mul/libc.a(lib_a-atexit.o)
 .text.atexit   0x00000000000211ac       0x14 /home/labarqcomp/intelFPGA/18.1/nios2eds/bin/gnu/H-x86_64-pc-linux-gnu/bin/../lib/gcc/nios2-elf/5.3.0/../../../../../H-x86_64-pc-linux-gnu/nios2-elf/lib/mno-hw-mul/libc.a(lib_a-atexit.o)
                0x00000000000211ac                atexit
 .text          0x00000000000211c0        0x0 /home/labarqcomp/intelFPGA/18.1/nios2eds/bin/gnu/H-x86_64-pc-linux-gnu/bin/../lib/gcc/nios2-elf/5.3.0/../../../../../H-x86_64-pc-linux-gnu/nios2-elf/lib/mno-hw-mul/libc.a(lib_a-exit.o)
 .text.exit     0x00000000000211c0       0x38 /home/labarqcomp/intelFPGA/18.1/nios2eds/bin/gnu/H-x86_64-pc-linux-gnu/bin/../lib/gcc/nios2-elf/5.3.0/../../../../../H-x86_64-pc-linux-gnu/nios2-elf/lib/mno-hw-mul/libc.a(lib_a-exit.o)
                0x00000000000211c0                exit
 .text          0x00000000000211f8        0x0 /home/labarqcomp/intelFPGA/18.1/nios2eds/bin/gnu/H-x86_64-pc-linux-gnu/bin/../lib/gcc/nios2-elf/5.3.0/../../../../../H-x86_64-pc-linux-gnu/nios2-elf/lib/mno-hw-mul/libc.a(lib_a-impure.o)
 .text          0x00000000000211f8        0x0 /home/labarqcomp/intelFPGA/18.1/nios2eds/bin/gnu/H-x86_64-pc-linux-gnu/bin/../lib/gcc/nios2-elf/5.3.0/../../../../../H-x86_64-pc-linux-gnu/nios2-elf/lib/mno-hw-mul/libc.a(lib_a-int_errno.o)
 .text          0x00000000000211f8        0x0 /home/labarqcomp/intelFPGA/18.1/nios2eds/bin/gnu/H-x86_64-pc-linux-gnu/bin/../lib/gcc/nios2-elf/5.3.0/../../../../../H-x86_64-pc-linux-gnu/nios2-elf/lib/mno-hw-mul/libc.a(lib_a-memcmp.o)
 .text.memcmp   0x00000000000211f8       0x7c /home/labarqcomp/intelFPGA/18.1/nios2eds/bin/gnu/H-x86_64-pc-linux-gnu/bin/../lib/gcc/nios2-elf/5.3.0/../../../../../H-x86_64-pc-linux-gnu/nios2-elf/lib/mno-hw-mul/libc.a(lib_a-memcmp.o)
                0x00000000000211f8                memcmp
 .text          0x0000000000021274        0x0 /home/labarqcomp/intelFPGA/18.1/nios2eds/bin/gnu/H-x86_64-pc-linux-gnu/bin/../lib/gcc/nios2-elf/5.3.0/../../../../../H-x86_64-pc-linux-gnu/nios2-elf/lib/mno-hw-mul/libc.a(lib_a-strlen.o)
 .text.strlen   0x0000000000021274       0x98 /home/labarqcomp/intelFPGA/18.1/nios2eds/bin/gnu/H-x86_64-pc-linux-gnu/bin/../lib/gcc/nios2-elf/5.3.0/../../../../../H-x86_64-pc-linux-gnu/nios2-elf/lib/mno-hw-mul/libc.a(lib_a-strlen.o)
                0x0000000000021274                strlen
 .text          0x000000000002130c        0x0 /home/labarqcomp/intelFPGA/18.1/nios2eds/bin/gnu/H-x86_64-pc-linux-gnu/bin/../lib/gcc/nios2-elf/5.3.0/../../../../../H-x86_64-pc-linux-gnu/nios2-elf/lib/mno-hw-mul/libc.a(lib_a-__atexit.o)
 .text.__register_exitproc
                0x000000000002130c      0x118 /home/labarqcomp/intelFPGA/18.1/nios2eds/bin/gnu/H-x86_64-pc-linux-gnu/bin/../lib/gcc/nios2-elf/5.3.0/../../../../../H-x86_64-pc-linux-gnu/nios2-elf/lib/mno-hw-mul/libc.a(lib_a-__atexit.o)
                0x000000000002130c                __register_exitproc
 .text          0x0000000000021424        0x0 /home/labarqcomp/intelFPGA/18.1/nios2eds/bin/gnu/H-x86_64-pc-linux-gnu/bin/../lib/gcc/nios2-elf/5.3.0/../../../../../H-x86_64-pc-linux-gnu/nios2-elf/lib/mno-hw-mul/libc.a(lib_a-__call_atexit.o)
 .text.__call_exitprocs
                0x0000000000021424      0x180 /home/labarqcomp/intelFPGA/18.1/nios2eds/bin/gnu/H-x86_64-pc-linux-gnu/bin/../lib/gcc/nios2-elf/5.3.0/../../../../../H-x86_64-pc-linux-gnu/nios2-elf/lib/mno-hw-mul/libc.a(lib_a-__call_atexit.o)
                0x0000000000021424                __call_exitprocs
 .text          0x00000000000215a4      0x1b4 /home/labarqcomp/intelFPGA/18.1/nios2eds/bin/gnu/H-x86_64-pc-linux-gnu/bin/../lib/gcc/nios2-elf/5.3.0/mno-hw-mul/libgcc.a(lib2-divmod.o)
                0x00000000000215a4                __divsi3
                0x0000000000021628                __modsi3
                0x000000000002169c                __udivsi3
                0x0000000000021700                __umodsi3
 .text          0x0000000000021758       0x28 /home/labarqcomp/intelFPGA/18.1/nios2eds/bin/gnu/H-x86_64-pc-linux-gnu/bin/../lib/gcc/nios2-elf/5.3.0/mno-hw-mul/libgcc.a(lib2-mul.o)
                0x0000000000021758                __mulsi3
 .text          0x0000000000021780       0x34 ../niosEntrega_bsp//libhal_bsp.a(alt_exit.o)
                0x0000000000021780                _exit
 *(.gnu.warning.*)
 *(.fini)
                [!provide]                        PROVIDE (__etext, ABSOLUTE (.))
                [!provide]                        PROVIDE (_etext, ABSOLUTE (.))
                [!provide]                        PROVIDE (etext, ABSOLUTE (.))
 *(.eh_frame_hdr)
                0x00000000000217b4                . = ALIGN (0x4)
                [!provide]                        PROVIDE (__preinit_array_start, ABSOLUTE (.))
 *(.preinit_array)
                [!provide]                        PROVIDE (__preinit_array_end, ABSOLUTE (.))
                [!provide]                        PROVIDE (__init_array_start, ABSOLUTE (.))
 *(.init_array)
                [!provide]                        PROVIDE (__init_array_end, ABSOLUTE (.))
                [!provide]                        PROVIDE (__fini_array_start, ABSOLUTE (.))
 *(.fini_array)
                [!provide]                        PROVIDE (__fini_array_end, ABSOLUTE (.))
 *(.eh_frame)
 *(.gcc_except_table .gcc_except_table.*)
 *(.dynamic)
                0x00000000000217b4                PROVIDE (__CTOR_LIST__, ABSOLUTE (.))
 *(.ctors)
 *(SORT(.ctors.*))
                0x00000000000217b4                PROVIDE (__CTOR_END__, ABSOLUTE (.))
                0x00000000000217b4                PROVIDE (__DTOR_LIST__, ABSOLUTE (.))
 *(.dtors)
 *(SORT(.dtors.*))
                0x00000000000217b4                PROVIDE (__DTOR_END__, ABSOLUTE (.))
 *(.jcr)
                0x00000000000217b4                . = ALIGN (0x4)

.rodata         0x00000000000217b4       0x38
                0x00000000000217b4                PROVIDE (__ram_rodata_start, ABSOLUTE (.))
                0x00000000000217b4                . = ALIGN (0x4)
 *(.rodata .rodata.* .gnu.linkonce.r.*)
 .rodata        0x00000000000217b4       0x11 ../niosEntrega_bsp//libhal_bsp.a(alt_main.o)
 *fill*         0x00000000000217c5        0x3 
 .rodata        0x00000000000217c8       0x11 ../niosEntrega_bsp//libhal_bsp.a(alt_sys_init.o)
 *fill*         0x00000000000217d9        0x3 
 .rodata        0x00000000000217dc        0xa ../niosEntrega_bsp//libhal_bsp.a(alt_dev.o)
 *fill*         0x00000000000217e6        0x2 
 .rodata.str1.4
                0x00000000000217e8        0x4 /home/labarqcomp/intelFPGA/18.1/nios2eds/bin/gnu/H-x86_64-pc-linux-gnu/bin/../lib/gcc/nios2-elf/5.3.0/../../../../../H-x86_64-pc-linux-gnu/nios2-elf/lib/mno-hw-mul/libc.a(lib_a-impure.o)
                                          0x2 (size before relaxing)
 *(.rodata1)
                0x00000000000217ec                . = ALIGN (0x4)
                0x00000000000217ec                PROVIDE (__ram_rodata_end, ABSOLUTE (.))
                0x00000000000217b4                PROVIDE (__flash_rodata_start, LOADADDR (.rodata))

.rwdata         0x00000000000217ec      0x618 load address 0x0000000000021e04
                0x00000000000217ec                PROVIDE (__ram_rwdata_start, ABSOLUTE (.))
                0x00000000000217ec                . = ALIGN (0x4)
 *(.got.plt)
 *(.got)
 *(.data1)
 *(.data .data.* .gnu.linkonce.d.*)
 .data          0x00000000000217ec        0x0 ../niosEntrega_bsp//obj/HAL/src/crt0.o
 .data          0x00000000000217ec        0x0 obj/default/hello_world.o
 .data          0x00000000000217ec        0x0 ../niosEntrega_bsp//libhal_bsp.a(alt_load.o)
 .data          0x00000000000217ec        0x0 ../niosEntrega_bsp//libhal_bsp.a(alt_main.o)
 .data          0x00000000000217ec        0x0 ../niosEntrega_bsp//libhal_bsp.a(alt_usleep.o)
 .data          0x00000000000217ec       0x2c ../niosEntrega_bsp//libhal_bsp.a(alt_sys_init.o)
 .data          0x0000000000021818        0x0 ../niosEntrega_bsp//libhal_bsp.a(altera_avalon_jtag_uart_fd.o)
 .data          0x0000000000021818        0x0 ../niosEntrega_bsp//libhal_bsp.a(altera_avalon_jtag_uart_read.o)
 .data          0x0000000000021818        0x0 ../niosEntrega_bsp//libhal_bsp.a(altera_avalon_jtag_uart_write.o)
 .data          0x0000000000021818        0x0 ../niosEntrega_bsp//libhal_bsp.a(alt_busy_sleep.o)
 .data          0x0000000000021818        0x0 ../niosEntrega_bsp//libhal_bsp.a(alt_close.o)
 .data          0x0000000000021818        0x0 ../niosEntrega_bsp//libhal_bsp.a(alt_dcache_flush_all.o)
 .data          0x0000000000021818      0x1a8 ../niosEntrega_bsp//libhal_bsp.a(alt_dev.o)
                0x0000000000021818                alt_dev_null
                0x0000000000021840                alt_fd_list
 .data          0x00000000000219c0        0x0 ../niosEntrega_bsp//libhal_bsp.a(alt_dev_llist_insert.o)
 .data          0x00000000000219c0        0x0 ../niosEntrega_bsp//libhal_bsp.a(alt_do_ctors.o)
 .data          0x00000000000219c0        0x0 ../niosEntrega_bsp//libhal_bsp.a(alt_do_dtors.o)
 .data          0x00000000000219c0        0x0 ../niosEntrega_bsp//libhal_bsp.a(alt_errno.o)
 .data          0x00000000000219c0        0x0 ../niosEntrega_bsp//libhal_bsp.a(alt_icache_flush_all.o)
 .data          0x00000000000219c0        0x0 ../niosEntrega_bsp//libhal_bsp.a(alt_io_redirect.o)
 .data          0x00000000000219c0        0x0 ../niosEntrega_bsp//libhal_bsp.a(alt_open.o)
 .data          0x00000000000219c0        0x0 ../niosEntrega_bsp//libhal_bsp.a(alt_release_fd.o)
 .data          0x00000000000219c0        0x0 ../niosEntrega_bsp//libhal_bsp.a(altera_nios2_gen2_irq.o)
 .data          0x00000000000219c0        0x0 ../niosEntrega_bsp//libhal_bsp.a(alt_find_dev.o)
 .data          0x00000000000219c0        0x0 ../niosEntrega_bsp//libhal_bsp.a(alt_find_file.o)
 .data          0x00000000000219c0        0x0 ../niosEntrega_bsp//libhal_bsp.a(alt_get_fd.o)
 .data          0x00000000000219c0        0x0 /home/labarqcomp/intelFPGA/18.1/nios2eds/bin/gnu/H-x86_64-pc-linux-gnu/bin/../lib/gcc/nios2-elf/5.3.0/../../../../../H-x86_64-pc-linux-gnu/nios2-elf/lib/mno-hw-mul/libc.a(lib_a-atexit.o)
 .data          0x00000000000219c0        0x0 /home/labarqcomp/intelFPGA/18.1/nios2eds/bin/gnu/H-x86_64-pc-linux-gnu/bin/../lib/gcc/nios2-elf/5.3.0/../../../../../H-x86_64-pc-linux-gnu/nios2-elf/lib/mno-hw-mul/libc.a(lib_a-exit.o)
 .data          0x00000000000219c0        0x0 /home/labarqcomp/intelFPGA/18.1/nios2eds/bin/gnu/H-x86_64-pc-linux-gnu/bin/../lib/gcc/nios2-elf/5.3.0/../../../../../H-x86_64-pc-linux-gnu/nios2-elf/lib/mno-hw-mul/libc.a(lib_a-impure.o)
 .data.impure_data
                0x00000000000219c0      0x424 /home/labarqcomp/intelFPGA/18.1/nios2eds/bin/gnu/H-x86_64-pc-linux-gnu/bin/../lib/gcc/nios2-elf/5.3.0/../../../../../H-x86_64-pc-linux-gnu/nios2-elf/lib/mno-hw-mul/libc.a(lib_a-impure.o)
 .data          0x0000000000021de4        0x0 /home/labarqcomp/intelFPGA/18.1/nios2eds/bin/gnu/H-x86_64-pc-linux-gnu/bin/../lib/gcc/nios2-elf/5.3.0/../../../../../H-x86_64-pc-linux-gnu/nios2-elf/lib/mno-hw-mul/libc.a(lib_a-int_errno.o)
 .data          0x0000000000021de4        0x0 /home/labarqcomp/intelFPGA/18.1/nios2eds/bin/gnu/H-x86_64-pc-linux-gnu/bin/../lib/gcc/nios2-elf/5.3.0/../../../../../H-x86_64-pc-linux-gnu/nios2-elf/lib/mno-hw-mul/libc.a(lib_a-memcmp.o)
 .data          0x0000000000021de4        0x0 /home/labarqcomp/intelFPGA/18.1/nios2eds/bin/gnu/H-x86_64-pc-linux-gnu/bin/../lib/gcc/nios2-elf/5.3.0/../../../../../H-x86_64-pc-linux-gnu/nios2-elf/lib/mno-hw-mul/libc.a(lib_a-strlen.o)
 .data          0x0000000000021de4        0x0 /home/labarqcomp/intelFPGA/18.1/nios2eds/bin/gnu/H-x86_64-pc-linux-gnu/bin/../lib/gcc/nios2-elf/5.3.0/../../../../../H-x86_64-pc-linux-gnu/nios2-elf/lib/mno-hw-mul/libc.a(lib_a-__atexit.o)
 .data          0x0000000000021de4        0x0 /home/labarqcomp/intelFPGA/18.1/nios2eds/bin/gnu/H-x86_64-pc-linux-gnu/bin/../lib/gcc/nios2-elf/5.3.0/../../../../../H-x86_64-pc-linux-gnu/nios2-elf/lib/mno-hw-mul/libc.a(lib_a-__call_atexit.o)
 .data          0x0000000000021de4        0x0 /home/labarqcomp/intelFPGA/18.1/nios2eds/bin/gnu/H-x86_64-pc-linux-gnu/bin/../lib/gcc/nios2-elf/5.3.0/mno-hw-mul/libgcc.a(lib2-divmod.o)
 .data          0x0000000000021de4        0x0 /home/labarqcomp/intelFPGA/18.1/nios2eds/bin/gnu/H-x86_64-pc-linux-gnu/bin/../lib/gcc/nios2-elf/5.3.0/mno-hw-mul/libgcc.a(lib2-mul.o)
 .data          0x0000000000021de4        0x0 ../niosEntrega_bsp//libhal_bsp.a(alt_exit.o)
                0x0000000000029de4                _gp = ABSOLUTE ((. + 0x8000))
                [!provide]                        PROVIDE (gp, _gp)
 *(.rwdata .rwdata.*)
 *(.sdata .sdata.* .gnu.linkonce.s.*)
 .sdata         0x0000000000021de4       0x14 ../niosEntrega_bsp//libhal_bsp.a(alt_dev.o)
                0x0000000000021de4                alt_fs_list
                0x0000000000021dec                alt_dev_list
                0x0000000000021df4                alt_max_fd
 .sdata         0x0000000000021df8        0x4 ../niosEntrega_bsp//libhal_bsp.a(alt_errno.o)
                0x0000000000021df8                alt_errno
 .sdata._global_impure_ptr
                0x0000000000021dfc        0x4 /home/labarqcomp/intelFPGA/18.1/nios2eds/bin/gnu/H-x86_64-pc-linux-gnu/bin/../lib/gcc/nios2-elf/5.3.0/../../../../../H-x86_64-pc-linux-gnu/nios2-elf/lib/mno-hw-mul/libc.a(lib_a-impure.o)
                0x0000000000021dfc                _global_impure_ptr
 .sdata._impure_ptr
                0x0000000000021e00        0x4 /home/labarqcomp/intelFPGA/18.1/nios2eds/bin/gnu/H-x86_64-pc-linux-gnu/bin/../lib/gcc/nios2-elf/5.3.0/../../../../../H-x86_64-pc-linux-gnu/nios2-elf/lib/mno-hw-mul/libc.a(lib_a-impure.o)
                0x0000000000021e00                _impure_ptr
 *(.sdata2 .sdata2.* .gnu.linkonce.s2.*)
                0x0000000000021e04                . = ALIGN (0x4)
                0x0000000000021e04                _edata = ABSOLUTE (.)
                [!provide]                        PROVIDE (edata, ABSOLUTE (.))
                0x0000000000021e04                PROVIDE (__ram_rwdata_end, ABSOLUTE (.))
                0x0000000000021e04                PROVIDE (__flash_rwdata_start, LOADADDR (.rwdata))

.bss            0x000000000002241c       0x10
                0x000000000002241c                __bss_start = ABSOLUTE (.)
                [!provide]                        PROVIDE (__sbss_start, ABSOLUTE (.))
                [!provide]                        PROVIDE (___sbss_start, ABSOLUTE (.))
 *(.dynsbss)
 *(.sbss .sbss.* .gnu.linkonce.sb.*)
 .sbss          0x000000000002241c        0xc ../niosEntrega_bsp//libhal_bsp.a(alt_main.o)
                0x000000000002241c                alt_argc
                0x0000000000022420                alt_argv
                0x0000000000022424                alt_envp
 .sbss          0x0000000000022428        0x4 /home/labarqcomp/intelFPGA/18.1/nios2eds/bin/gnu/H-x86_64-pc-linux-gnu/bin/../lib/gcc/nios2-elf/5.3.0/../../../../../H-x86_64-pc-linux-gnu/nios2-elf/lib/mno-hw-mul/libc.a(lib_a-int_errno.o)
                0x0000000000022428                errno
 *(.sbss2 .sbss2.* .gnu.linkonce.sb2.*)
 *(.scommon)
                [!provide]                        PROVIDE (__sbss_end, ABSOLUTE (.))
                [!provide]                        PROVIDE (___sbss_end, ABSOLUTE (.))
 *(.dynbss)
 *(.bss .bss.* .gnu.linkonce.b.*)
 .bss           0x000000000002242c        0x0 ../niosEntrega_bsp//obj/HAL/src/crt0.o
 .bss           0x000000000002242c        0x0 obj/default/hello_world.o
 .bss           0x000000000002242c        0x0 ../niosEntrega_bsp//libhal_bsp.a(alt_load.o)
 .bss           0x000000000002242c        0x0 ../niosEntrega_bsp//libhal_bsp.a(alt_main.o)
 .bss           0x000000000002242c        0x0 ../niosEntrega_bsp//libhal_bsp.a(alt_usleep.o)
 .bss           0x000000000002242c        0x0 ../niosEntrega_bsp//libhal_bsp.a(alt_sys_init.o)
 .bss           0x000000000002242c        0x0 ../niosEntrega_bsp//libhal_bsp.a(altera_avalon_jtag_uart_fd.o)
 .bss           0x000000000002242c        0x0 ../niosEntrega_bsp//libhal_bsp.a(altera_avalon_jtag_uart_read.o)
 .bss           0x000000000002242c        0x0 ../niosEntrega_bsp//libhal_bsp.a(altera_avalon_jtag_uart_write.o)
 .bss           0x000000000002242c        0x0 ../niosEntrega_bsp//libhal_bsp.a(alt_busy_sleep.o)
 .bss           0x000000000002242c        0x0 ../niosEntrega_bsp//libhal_bsp.a(alt_close.o)
 .bss           0x000000000002242c        0x0 ../niosEntrega_bsp//libhal_bsp.a(alt_dcache_flush_all.o)
 .bss           0x000000000002242c        0x0 ../niosEntrega_bsp//libhal_bsp.a(alt_dev.o)
 .bss           0x000000000002242c        0x0 ../niosEntrega_bsp//libhal_bsp.a(alt_dev_llist_insert.o)
 .bss           0x000000000002242c        0x0 ../niosEntrega_bsp//libhal_bsp.a(alt_do_ctors.o)
 .bss           0x000000000002242c        0x0 ../niosEntrega_bsp//libhal_bsp.a(alt_do_dtors.o)
 .bss           0x000000000002242c        0x0 ../niosEntrega_bsp//libhal_bsp.a(alt_errno.o)
 .bss           0x000000000002242c        0x0 ../niosEntrega_bsp//libhal_bsp.a(alt_icache_flush_all.o)
 .bss           0x000000000002242c        0x0 ../niosEntrega_bsp//libhal_bsp.a(alt_io_redirect.o)
 .bss           0x000000000002242c        0x0 ../niosEntrega_bsp//libhal_bsp.a(alt_open.o)
 .bss           0x000000000002242c        0x0 ../niosEntrega_bsp//libhal_bsp.a(alt_release_fd.o)
 .bss           0x000000000002242c        0x0 ../niosEntrega_bsp//libhal_bsp.a(altera_nios2_gen2_irq.o)
 .bss           0x000000000002242c        0x0 ../niosEntrega_bsp//libhal_bsp.a(alt_find_dev.o)
 .bss           0x000000000002242c        0x0 ../niosEntrega_bsp//libhal_bsp.a(alt_find_file.o)
 .bss           0x000000000002242c        0x0 ../niosEntrega_bsp//libhal_bsp.a(alt_get_fd.o)
 .bss           0x000000000002242c        0x0 /home/labarqcomp/intelFPGA/18.1/nios2eds/bin/gnu/H-x86_64-pc-linux-gnu/bin/../lib/gcc/nios2-elf/5.3.0/../../../../../H-x86_64-pc-linux-gnu/nios2-elf/lib/mno-hw-mul/libc.a(lib_a-atexit.o)
 .bss           0x000000000002242c        0x0 /home/labarqcomp/intelFPGA/18.1/nios2eds/bin/gnu/H-x86_64-pc-linux-gnu/bin/../lib/gcc/nios2-elf/5.3.0/../../../../../H-x86_64-pc-linux-gnu/nios2-elf/lib/mno-hw-mul/libc.a(lib_a-exit.o)
 .bss           0x000000000002242c        0x0 /home/labarqcomp/intelFPGA/18.1/nios2eds/bin/gnu/H-x86_64-pc-linux-gnu/bin/../lib/gcc/nios2-elf/5.3.0/../../../../../H-x86_64-pc-linux-gnu/nios2-elf/lib/mno-hw-mul/libc.a(lib_a-impure.o)
 .bss           0x000000000002242c        0x0 /home/labarqcomp/intelFPGA/18.1/nios2eds/bin/gnu/H-x86_64-pc-linux-gnu/bin/../lib/gcc/nios2-elf/5.3.0/../../../../../H-x86_64-pc-linux-gnu/nios2-elf/lib/mno-hw-mul/libc.a(lib_a-int_errno.o)
 .bss           0x000000000002242c        0x0 /home/labarqcomp/intelFPGA/18.1/nios2eds/bin/gnu/H-x86_64-pc-linux-gnu/bin/../lib/gcc/nios2-elf/5.3.0/../../../../../H-x86_64-pc-linux-gnu/nios2-elf/lib/mno-hw-mul/libc.a(lib_a-memcmp.o)
 .bss           0x000000000002242c        0x0 /home/labarqcomp/intelFPGA/18.1/nios2eds/bin/gnu/H-x86_64-pc-linux-gnu/bin/../lib/gcc/nios2-elf/5.3.0/../../../../../H-x86_64-pc-linux-gnu/nios2-elf/lib/mno-hw-mul/libc.a(lib_a-strlen.o)
 .bss           0x000000000002242c        0x0 /home/labarqcomp/intelFPGA/18.1/nios2eds/bin/gnu/H-x86_64-pc-linux-gnu/bin/../lib/gcc/nios2-elf/5.3.0/../../../../../H-x86_64-pc-linux-gnu/nios2-elf/lib/mno-hw-mul/libc.a(lib_a-__atexit.o)
 .bss           0x000000000002242c        0x0 /home/labarqcomp/intelFPGA/18.1/nios2eds/bin/gnu/H-x86_64-pc-linux-gnu/bin/../lib/gcc/nios2-elf/5.3.0/../../../../../H-x86_64-pc-linux-gnu/nios2-elf/lib/mno-hw-mul/libc.a(lib_a-__call_atexit.o)
 .bss           0x000000000002242c        0x0 /home/labarqcomp/intelFPGA/18.1/nios2eds/bin/gnu/H-x86_64-pc-linux-gnu/bin/../lib/gcc/nios2-elf/5.3.0/mno-hw-mul/libgcc.a(lib2-divmod.o)
 .bss           0x000000000002242c        0x0 /home/labarqcomp/intelFPGA/18.1/nios2eds/bin/gnu/H-x86_64-pc-linux-gnu/bin/../lib/gcc/nios2-elf/5.3.0/mno-hw-mul/libgcc.a(lib2-mul.o)
 .bss           0x000000000002242c        0x0 ../niosEntrega_bsp//libhal_bsp.a(alt_exit.o)
 *(COMMON)
                0x000000000002242c                . = ALIGN (0x4)
                0x000000000002242c                __bss_end = ABSOLUTE (.)

.onchip_memory2_0
                0x000000000002242c        0x0
                [!provide]                        PROVIDE (_alt_partition_onchip_memory2_0_start, ABSOLUTE (.))
 *(.onchip_memory2_0 .onchip_memory2_0. onchip_memory2_0.*)
                0x000000000002242c                . = ALIGN (0x4)
                [!provide]                        PROVIDE (_alt_partition_onchip_memory2_0_end, ABSOLUTE (.))
                0x000000000002242c                _end = ABSOLUTE (.)
                0x000000000002242c                end = ABSOLUTE (.)
                0x000000000002242c                __alt_stack_base = ABSOLUTE (.)
                [!provide]                        PROVIDE (_alt_partition_onchip_memory2_0_load_addr, LOADADDR (.onchip_memory2_0))

.stab
 *(.stab)

.stabstr
 *(.stabstr)

.stab.excl
 *(.stab.excl)

.stab.exclstr
 *(.stab.exclstr)

.stab.index
 *(.stab.index)

.stab.indexstr
 *(.stab.indexstr)

.comment        0x0000000000000000       0x23
 *(.comment)
 .comment       0x0000000000000000       0x23 obj/default/hello_world.o
                                         0x24 (size before relaxing)
 .comment       0x0000000000000023       0x24 ../niosEntrega_bsp//libhal_bsp.a(alt_load.o)
 .comment       0x0000000000000023       0x24 ../niosEntrega_bsp//libhal_bsp.a(alt_main.o)
 .comment       0x0000000000000023       0x24 ../niosEntrega_bsp//libhal_bsp.a(alt_usleep.o)
 .comment       0x0000000000000023       0x24 ../niosEntrega_bsp//libhal_bsp.a(alt_sys_init.o)
 .comment       0x0000000000000023       0x24 ../niosEntrega_bsp//libhal_bsp.a(altera_avalon_jtag_uart_fd.o)
 .comment       0x0000000000000023       0x24 ../niosEntrega_bsp//libhal_bsp.a(altera_avalon_jtag_uart_read.o)
 .comment       0x0000000000000023       0x24 ../niosEntrega_bsp//libhal_bsp.a(altera_avalon_jtag_uart_write.o)
 .comment       0x0000000000000023       0x24 ../niosEntrega_bsp//libhal_bsp.a(alt_busy_sleep.o)
 .comment       0x0000000000000023       0x24 ../niosEntrega_bsp//libhal_bsp.a(alt_close.o)
 .comment       0x0000000000000023       0x24 ../niosEntrega_bsp//libhal_bsp.a(alt_dcache_flush_all.o)
 .comment       0x0000000000000023       0x24 ../niosEntrega_bsp//libhal_bsp.a(alt_dev.o)
 .comment       0x0000000000000023       0x24 ../niosEntrega_bsp//libhal_bsp.a(alt_dev_llist_insert.o)
 .comment       0x0000000000000023       0x24 ../niosEntrega_bsp//libhal_bsp.a(alt_do_ctors.o)
 .comment       0x0000000000000023       0x24 ../niosEntrega_bsp//libhal_bsp.a(alt_do_dtors.o)
 .comment       0x0000000000000023       0x24 ../niosEntrega_bsp//libhal_bsp.a(alt_errno.o)
 .comment       0x0000000000000023       0x24 ../niosEntrega_bsp//libhal_bsp.a(alt_icache_flush_all.o)
 .comment       0x0000000000000023       0x24 ../niosEntrega_bsp//libhal_bsp.a(alt_io_redirect.o)
 .comment       0x0000000000000023       0x24 ../niosEntrega_bsp//libhal_bsp.a(alt_open.o)
 .comment       0x0000000000000023       0x24 ../niosEntrega_bsp//libhal_bsp.a(alt_release_fd.o)
 .comment       0x0000000000000023       0x24 ../niosEntrega_bsp//libhal_bsp.a(altera_nios2_gen2_irq.o)
 .comment       0x0000000000000023       0x24 ../niosEntrega_bsp//libhal_bsp.a(alt_find_dev.o)
 .comment       0x0000000000000023       0x24 ../niosEntrega_bsp//libhal_bsp.a(alt_find_file.o)
 .comment       0x0000000000000023       0x24 ../niosEntrega_bsp//libhal_bsp.a(alt_get_fd.o)
 .comment       0x0000000000000023       0x24 /home/labarqcomp/intelFPGA/18.1/nios2eds/bin/gnu/H-x86_64-pc-linux-gnu/bin/../lib/gcc/nios2-elf/5.3.0/../../../../../H-x86_64-pc-linux-gnu/nios2-elf/lib/mno-hw-mul/libc.a(lib_a-atexit.o)
 .comment       0x0000000000000023       0x24 /home/labarqcomp/intelFPGA/18.1/nios2eds/bin/gnu/H-x86_64-pc-linux-gnu/bin/../lib/gcc/nios2-elf/5.3.0/../../../../../H-x86_64-pc-linux-gnu/nios2-elf/lib/mno-hw-mul/libc.a(lib_a-exit.o)
 .comment       0x0000000000000023       0x24 /home/labarqcomp/intelFPGA/18.1/nios2eds/bin/gnu/H-x86_64-pc-linux-gnu/bin/../lib/gcc/nios2-elf/5.3.0/../../../../../H-x86_64-pc-linux-gnu/nios2-elf/lib/mno-hw-mul/libc.a(lib_a-impure.o)
 .comment       0x0000000000000023       0x24 /home/labarqcomp/intelFPGA/18.1/nios2eds/bin/gnu/H-x86_64-pc-linux-gnu/bin/../lib/gcc/nios2-elf/5.3.0/../../../../../H-x86_64-pc-linux-gnu/nios2-elf/lib/mno-hw-mul/libc.a(lib_a-int_errno.o)
 .comment       0x0000000000000023       0x24 /home/labarqcomp/intelFPGA/18.1/nios2eds/bin/gnu/H-x86_64-pc-linux-gnu/bin/../lib/gcc/nios2-elf/5.3.0/../../../../../H-x86_64-pc-linux-gnu/nios2-elf/lib/mno-hw-mul/libc.a(lib_a-memcmp.o)
 .comment       0x0000000000000023       0x24 /home/labarqcomp/intelFPGA/18.1/nios2eds/bin/gnu/H-x86_64-pc-linux-gnu/bin/../lib/gcc/nios2-elf/5.3.0/../../../../../H-x86_64-pc-linux-gnu/nios2-elf/lib/mno-hw-mul/libc.a(lib_a-strlen.o)
 .comment       0x0000000000000023       0x24 /home/labarqcomp/intelFPGA/18.1/nios2eds/bin/gnu/H-x86_64-pc-linux-gnu/bin/../lib/gcc/nios2-elf/5.3.0/../../../../../H-x86_64-pc-linux-gnu/nios2-elf/lib/mno-hw-mul/libc.a(lib_a-__atexit.o)
 .comment       0x0000000000000023       0x24 /home/labarqcomp/intelFPGA/18.1/nios2eds/bin/gnu/H-x86_64-pc-linux-gnu/bin/../lib/gcc/nios2-elf/5.3.0/../../../../../H-x86_64-pc-linux-gnu/nios2-elf/lib/mno-hw-mul/libc.a(lib_a-__call_atexit.o)
 .comment       0x0000000000000023       0x24 /home/labarqcomp/intelFPGA/18.1/nios2eds/bin/gnu/H-x86_64-pc-linux-gnu/bin/../lib/gcc/nios2-elf/5.3.0/mno-hw-mul/libgcc.a(lib2-divmod.o)
 .comment       0x0000000000000023       0x24 /home/labarqcomp/intelFPGA/18.1/nios2eds/bin/gnu/H-x86_64-pc-linux-gnu/bin/../lib/gcc/nios2-elf/5.3.0/mno-hw-mul/libgcc.a(lib2-mul.o)
 .comment       0x0000000000000023       0x24 ../niosEntrega_bsp//libhal_bsp.a(alt_exit.o)

.debug
 *(.debug)

.line
 *(.line)

.debug_srcinfo
 *(.debug_srcinfo)

.debug_sfnames
 *(.debug_sfnames)

.debug_aranges  0x0000000000000000      0x470
 *(.debug_aranges)
 .debug_aranges
                0x0000000000000000       0x28 ../niosEntrega_bsp//obj/HAL/src/crt0.o
 .debug_aranges
                0x0000000000000028       0x20 obj/default/hello_world.o
 .debug_aranges
                0x0000000000000048       0x20 ../niosEntrega_bsp//libhal_bsp.a(alt_load.o)
 .debug_aranges
                0x0000000000000068       0x20 ../niosEntrega_bsp//libhal_bsp.a(alt_main.o)
 .debug_aranges
                0x0000000000000088       0x20 ../niosEntrega_bsp//libhal_bsp.a(alt_usleep.o)
 .debug_aranges
                0x00000000000000a8       0x20 ../niosEntrega_bsp//libhal_bsp.a(alt_sys_init.o)
 .debug_aranges
                0x00000000000000c8       0x20 ../niosEntrega_bsp//libhal_bsp.a(altera_avalon_jtag_uart_fd.o)
 .debug_aranges
                0x00000000000000e8       0x20 ../niosEntrega_bsp//libhal_bsp.a(altera_avalon_jtag_uart_read.o)
 .debug_aranges
                0x0000000000000108       0x20 ../niosEntrega_bsp//libhal_bsp.a(altera_avalon_jtag_uart_write.o)
 .debug_aranges
                0x0000000000000128       0x20 ../niosEntrega_bsp//libhal_bsp.a(alt_busy_sleep.o)
 .debug_aranges
                0x0000000000000148       0x20 ../niosEntrega_bsp//libhal_bsp.a(alt_close.o)
 .debug_aranges
                0x0000000000000168       0x20 ../niosEntrega_bsp//libhal_bsp.a(alt_dcache_flush_all.o)
 .debug_aranges
                0x0000000000000188       0x20 ../niosEntrega_bsp//libhal_bsp.a(alt_dev.o)
 .debug_aranges
                0x00000000000001a8       0x20 ../niosEntrega_bsp//libhal_bsp.a(alt_dev_llist_insert.o)
 .debug_aranges
                0x00000000000001c8       0x20 ../niosEntrega_bsp//libhal_bsp.a(alt_do_ctors.o)
 .debug_aranges
                0x00000000000001e8       0x20 ../niosEntrega_bsp//libhal_bsp.a(alt_do_dtors.o)
 .debug_aranges
                0x0000000000000208       0x18 ../niosEntrega_bsp//libhal_bsp.a(alt_errno.o)
 .debug_aranges
                0x0000000000000220       0x20 ../niosEntrega_bsp//libhal_bsp.a(alt_icache_flush_all.o)
 .debug_aranges
                0x0000000000000240       0x20 ../niosEntrega_bsp//libhal_bsp.a(alt_io_redirect.o)
 .debug_aranges
                0x0000000000000260       0x20 ../niosEntrega_bsp//libhal_bsp.a(alt_open.o)
 .debug_aranges
                0x0000000000000280       0x20 ../niosEntrega_bsp//libhal_bsp.a(alt_release_fd.o)
 .debug_aranges
                0x00000000000002a0       0x20 ../niosEntrega_bsp//libhal_bsp.a(altera_nios2_gen2_irq.o)
 .debug_aranges
                0x00000000000002c0       0x20 ../niosEntrega_bsp//libhal_bsp.a(alt_find_dev.o)
 .debug_aranges
                0x00000000000002e0       0x20 ../niosEntrega_bsp//libhal_bsp.a(alt_find_file.o)
 .debug_aranges
                0x0000000000000300       0x20 ../niosEntrega_bsp//libhal_bsp.a(alt_get_fd.o)
 .debug_aranges
                0x0000000000000320       0x20 /home/labarqcomp/intelFPGA/18.1/nios2eds/bin/gnu/H-x86_64-pc-linux-gnu/bin/../lib/gcc/nios2-elf/5.3.0/../../../../../H-x86_64-pc-linux-gnu/nios2-elf/lib/mno-hw-mul/libc.a(lib_a-atexit.o)
 .debug_aranges
                0x0000000000000340       0x20 /home/labarqcomp/intelFPGA/18.1/nios2eds/bin/gnu/H-x86_64-pc-linux-gnu/bin/../lib/gcc/nios2-elf/5.3.0/../../../../../H-x86_64-pc-linux-gnu/nios2-elf/lib/mno-hw-mul/libc.a(lib_a-exit.o)
 .debug_aranges
                0x0000000000000360       0x18 /home/labarqcomp/intelFPGA/18.1/nios2eds/bin/gnu/H-x86_64-pc-linux-gnu/bin/../lib/gcc/nios2-elf/5.3.0/../../../../../H-x86_64-pc-linux-gnu/nios2-elf/lib/mno-hw-mul/libc.a(lib_a-impure.o)
 .debug_aranges
                0x0000000000000378       0x18 /home/labarqcomp/intelFPGA/18.1/nios2eds/bin/gnu/H-x86_64-pc-linux-gnu/bin/../lib/gcc/nios2-elf/5.3.0/../../../../../H-x86_64-pc-linux-gnu/nios2-elf/lib/mno-hw-mul/libc.a(lib_a-int_errno.o)
 .debug_aranges
                0x0000000000000390       0x20 /home/labarqcomp/intelFPGA/18.1/nios2eds/bin/gnu/H-x86_64-pc-linux-gnu/bin/../lib/gcc/nios2-elf/5.3.0/../../../../../H-x86_64-pc-linux-gnu/nios2-elf/lib/mno-hw-mul/libc.a(lib_a-memcmp.o)
 .debug_aranges
                0x00000000000003b0       0x20 /home/labarqcomp/intelFPGA/18.1/nios2eds/bin/gnu/H-x86_64-pc-linux-gnu/bin/../lib/gcc/nios2-elf/5.3.0/../../../../../H-x86_64-pc-linux-gnu/nios2-elf/lib/mno-hw-mul/libc.a(lib_a-strlen.o)
 .debug_aranges
                0x00000000000003d0       0x20 /home/labarqcomp/intelFPGA/18.1/nios2eds/bin/gnu/H-x86_64-pc-linux-gnu/bin/../lib/gcc/nios2-elf/5.3.0/../../../../../H-x86_64-pc-linux-gnu/nios2-elf/lib/mno-hw-mul/libc.a(lib_a-__atexit.o)
 .debug_aranges
                0x00000000000003f0       0x20 /home/labarqcomp/intelFPGA/18.1/nios2eds/bin/gnu/H-x86_64-pc-linux-gnu/bin/../lib/gcc/nios2-elf/5.3.0/../../../../../H-x86_64-pc-linux-gnu/nios2-elf/lib/mno-hw-mul/libc.a(lib_a-__call_atexit.o)
 .debug_aranges
                0x0000000000000410       0x20 /home/labarqcomp/intelFPGA/18.1/nios2eds/bin/gnu/H-x86_64-pc-linux-gnu/bin/../lib/gcc/nios2-elf/5.3.0/mno-hw-mul/libgcc.a(lib2-divmod.o)
 .debug_aranges
                0x0000000000000430       0x20 /home/labarqcomp/intelFPGA/18.1/nios2eds/bin/gnu/H-x86_64-pc-linux-gnu/bin/../lib/gcc/nios2-elf/5.3.0/mno-hw-mul/libgcc.a(lib2-mul.o)
 .debug_aranges
                0x0000000000000450       0x20 ../niosEntrega_bsp//libhal_bsp.a(alt_exit.o)

.debug_pubnames
 *(.debug_pubnames)

.debug_info     0x0000000000000000     0x5ce8
 *(.debug_info .gnu.linkonce.wi.*)
 .debug_info    0x0000000000000000       0x6c ../niosEntrega_bsp//obj/HAL/src/crt0.o
 .debug_info    0x000000000000006c      0x109 obj/default/hello_world.o
 .debug_info    0x0000000000000175      0x145 ../niosEntrega_bsp//libhal_bsp.a(alt_load.o)
 .debug_info    0x00000000000002ba      0x131 ../niosEntrega_bsp//libhal_bsp.a(alt_main.o)
 .debug_info    0x00000000000003eb       0xb0 ../niosEntrega_bsp//libhal_bsp.a(alt_usleep.o)
 .debug_info    0x000000000000049b      0x3c9 ../niosEntrega_bsp//libhal_bsp.a(alt_sys_init.o)
 .debug_info    0x0000000000000864      0x3a7 ../niosEntrega_bsp//libhal_bsp.a(altera_avalon_jtag_uart_fd.o)
 .debug_info    0x0000000000000c0b      0x1b2 ../niosEntrega_bsp//libhal_bsp.a(altera_avalon_jtag_uart_read.o)
 .debug_info    0x0000000000000dbd      0x195 ../niosEntrega_bsp//libhal_bsp.a(altera_avalon_jtag_uart_write.o)
 .debug_info    0x0000000000000f52       0xd7 ../niosEntrega_bsp//libhal_bsp.a(alt_busy_sleep.o)
 .debug_info    0x0000000000001029      0x321 ../niosEntrega_bsp//libhal_bsp.a(alt_close.o)
 .debug_info    0x000000000000134a       0x92 ../niosEntrega_bsp//libhal_bsp.a(alt_dcache_flush_all.o)
 .debug_info    0x00000000000013dc      0x49c ../niosEntrega_bsp//libhal_bsp.a(alt_dev.o)
 .debug_info    0x0000000000001878      0x1a9 ../niosEntrega_bsp//libhal_bsp.a(alt_dev_llist_insert.o)
 .debug_info    0x0000000000001a21       0x83 ../niosEntrega_bsp//libhal_bsp.a(alt_do_ctors.o)
 .debug_info    0x0000000000001aa4       0x83 ../niosEntrega_bsp//libhal_bsp.a(alt_do_dtors.o)
 .debug_info    0x0000000000001b27       0xa6 ../niosEntrega_bsp//libhal_bsp.a(alt_errno.o)
 .debug_info    0x0000000000001bcd       0x92 ../niosEntrega_bsp//libhal_bsp.a(alt_icache_flush_all.o)
 .debug_info    0x0000000000001c5f      0x4a5 ../niosEntrega_bsp//libhal_bsp.a(alt_io_redirect.o)
 .debug_info    0x0000000000002104      0x3bb ../niosEntrega_bsp//libhal_bsp.a(alt_open.o)
 .debug_info    0x00000000000024bf      0x2b0 ../niosEntrega_bsp//libhal_bsp.a(alt_release_fd.o)
 .debug_info    0x000000000000276f       0x92 ../niosEntrega_bsp//libhal_bsp.a(altera_nios2_gen2_irq.o)
 .debug_info    0x0000000000002801      0x2e9 ../niosEntrega_bsp//libhal_bsp.a(alt_find_dev.o)
 .debug_info    0x0000000000002aea      0x2e6 ../niosEntrega_bsp//libhal_bsp.a(alt_find_file.o)
 .debug_info    0x0000000000002dd0      0x310 ../niosEntrega_bsp//libhal_bsp.a(alt_get_fd.o)
 .debug_info    0x00000000000030e0       0xfe /home/labarqcomp/intelFPGA/18.1/nios2eds/bin/gnu/H-x86_64-pc-linux-gnu/bin/../lib/gcc/nios2-elf/5.3.0/../../../../../H-x86_64-pc-linux-gnu/nios2-elf/lib/mno-hw-mul/libc.a(lib_a-atexit.o)
 .debug_info    0x00000000000031de      0x8e4 /home/labarqcomp/intelFPGA/18.1/nios2eds/bin/gnu/H-x86_64-pc-linux-gnu/bin/../lib/gcc/nios2-elf/5.3.0/../../../../../H-x86_64-pc-linux-gnu/nios2-elf/lib/mno-hw-mul/libc.a(lib_a-exit.o)
 .debug_info    0x0000000000003ac2      0x8a1 /home/labarqcomp/intelFPGA/18.1/nios2eds/bin/gnu/H-x86_64-pc-linux-gnu/bin/../lib/gcc/nios2-elf/5.3.0/../../../../../H-x86_64-pc-linux-gnu/nios2-elf/lib/mno-hw-mul/libc.a(lib_a-impure.o)
 .debug_info    0x0000000000004363       0x8a /home/labarqcomp/intelFPGA/18.1/nios2eds/bin/gnu/H-x86_64-pc-linux-gnu/bin/../lib/gcc/nios2-elf/5.3.0/../../../../../H-x86_64-pc-linux-gnu/nios2-elf/lib/mno-hw-mul/libc.a(lib_a-int_errno.o)
 .debug_info    0x00000000000043ed      0x11a /home/labarqcomp/intelFPGA/18.1/nios2eds/bin/gnu/H-x86_64-pc-linux-gnu/bin/../lib/gcc/nios2-elf/5.3.0/../../../../../H-x86_64-pc-linux-gnu/nios2-elf/lib/mno-hw-mul/libc.a(lib_a-memcmp.o)
 .debug_info    0x0000000000004507       0xe2 /home/labarqcomp/intelFPGA/18.1/nios2eds/bin/gnu/H-x86_64-pc-linux-gnu/bin/../lib/gcc/nios2-elf/5.3.0/../../../../../H-x86_64-pc-linux-gnu/nios2-elf/lib/mno-hw-mul/libc.a(lib_a-strlen.o)
 .debug_info    0x00000000000045e9      0x934 /home/labarqcomp/intelFPGA/18.1/nios2eds/bin/gnu/H-x86_64-pc-linux-gnu/bin/../lib/gcc/nios2-elf/5.3.0/../../../../../H-x86_64-pc-linux-gnu/nios2-elf/lib/mno-hw-mul/libc.a(lib_a-__atexit.o)
 .debug_info    0x0000000000004f1d      0x965 /home/labarqcomp/intelFPGA/18.1/nios2eds/bin/gnu/H-x86_64-pc-linux-gnu/bin/../lib/gcc/nios2-elf/5.3.0/../../../../../H-x86_64-pc-linux-gnu/nios2-elf/lib/mno-hw-mul/libc.a(lib_a-__call_atexit.o)
 .debug_info    0x0000000000005882      0x2c6 /home/labarqcomp/intelFPGA/18.1/nios2eds/bin/gnu/H-x86_64-pc-linux-gnu/bin/../lib/gcc/nios2-elf/5.3.0/mno-hw-mul/libgcc.a(lib2-divmod.o)
 .debug_info    0x0000000000005b48       0xb4 /home/labarqcomp/intelFPGA/18.1/nios2eds/bin/gnu/H-x86_64-pc-linux-gnu/bin/../lib/gcc/nios2-elf/5.3.0/mno-hw-mul/libgcc.a(lib2-mul.o)
 .debug_info    0x0000000000005bfc       0xec ../niosEntrega_bsp//libhal_bsp.a(alt_exit.o)

.debug_abbrev   0x0000000000000000     0x1e15
 *(.debug_abbrev)
 .debug_abbrev  0x0000000000000000       0x12 ../niosEntrega_bsp//obj/HAL/src/crt0.o
 .debug_abbrev  0x0000000000000012       0xb9 obj/default/hello_world.o
 .debug_abbrev  0x00000000000000cb       0x9f ../niosEntrega_bsp//libhal_bsp.a(alt_load.o)
 .debug_abbrev  0x000000000000016a       0xba ../niosEntrega_bsp//libhal_bsp.a(alt_main.o)
 .debug_abbrev  0x0000000000000224       0x60 ../niosEntrega_bsp//libhal_bsp.a(alt_usleep.o)
 .debug_abbrev  0x0000000000000284      0x157 ../niosEntrega_bsp//libhal_bsp.a(alt_sys_init.o)
 .debug_abbrev  0x00000000000003db       0xf7 ../niosEntrega_bsp//libhal_bsp.a(altera_avalon_jtag_uart_fd.o)
 .debug_abbrev  0x00000000000004d2       0xd5 ../niosEntrega_bsp//libhal_bsp.a(altera_avalon_jtag_uart_read.o)
 .debug_abbrev  0x00000000000005a7       0xd5 ../niosEntrega_bsp//libhal_bsp.a(altera_avalon_jtag_uart_write.o)
 .debug_abbrev  0x000000000000067c       0x7e ../niosEntrega_bsp//libhal_bsp.a(alt_busy_sleep.o)
 .debug_abbrev  0x00000000000006fa      0x11f ../niosEntrega_bsp//libhal_bsp.a(alt_close.o)
 .debug_abbrev  0x0000000000000819       0x42 ../niosEntrega_bsp//libhal_bsp.a(alt_dcache_flush_all.o)
 .debug_abbrev  0x000000000000085b       0xd9 ../niosEntrega_bsp//libhal_bsp.a(alt_dev.o)
 .debug_abbrev  0x0000000000000934      0x114 ../niosEntrega_bsp//libhal_bsp.a(alt_dev_llist_insert.o)
 .debug_abbrev  0x0000000000000a48       0x79 ../niosEntrega_bsp//libhal_bsp.a(alt_do_ctors.o)
 .debug_abbrev  0x0000000000000ac1       0x79 ../niosEntrega_bsp//libhal_bsp.a(alt_do_dtors.o)
 .debug_abbrev  0x0000000000000b3a       0x5a ../niosEntrega_bsp//libhal_bsp.a(alt_errno.o)
 .debug_abbrev  0x0000000000000b94       0x42 ../niosEntrega_bsp//libhal_bsp.a(alt_icache_flush_all.o)
 .debug_abbrev  0x0000000000000bd6      0x114 ../niosEntrega_bsp//libhal_bsp.a(alt_io_redirect.o)
 .debug_abbrev  0x0000000000000cea      0x148 ../niosEntrega_bsp//libhal_bsp.a(alt_open.o)
 .debug_abbrev  0x0000000000000e32       0xde ../niosEntrega_bsp//libhal_bsp.a(alt_release_fd.o)
 .debug_abbrev  0x0000000000000f10       0x42 ../niosEntrega_bsp//libhal_bsp.a(altera_nios2_gen2_irq.o)
 .debug_abbrev  0x0000000000000f52       0xf0 ../niosEntrega_bsp//libhal_bsp.a(alt_find_dev.o)
 .debug_abbrev  0x0000000000001042       0xf0 ../niosEntrega_bsp//libhal_bsp.a(alt_find_file.o)
 .debug_abbrev  0x0000000000001132      0x10d ../niosEntrega_bsp//libhal_bsp.a(alt_get_fd.o)
 .debug_abbrev  0x000000000000123f       0xaa /home/labarqcomp/intelFPGA/18.1/nios2eds/bin/gnu/H-x86_64-pc-linux-gnu/bin/../lib/gcc/nios2-elf/5.3.0/../../../../../H-x86_64-pc-linux-gnu/nios2-elf/lib/mno-hw-mul/libc.a(lib_a-atexit.o)
 .debug_abbrev  0x00000000000012e9      0x1e5 /home/labarqcomp/intelFPGA/18.1/nios2eds/bin/gnu/H-x86_64-pc-linux-gnu/bin/../lib/gcc/nios2-elf/5.3.0/../../../../../H-x86_64-pc-linux-gnu/nios2-elf/lib/mno-hw-mul/libc.a(lib_a-exit.o)
 .debug_abbrev  0x00000000000014ce      0x18f /home/labarqcomp/intelFPGA/18.1/nios2eds/bin/gnu/H-x86_64-pc-linux-gnu/bin/../lib/gcc/nios2-elf/5.3.0/../../../../../H-x86_64-pc-linux-gnu/nios2-elf/lib/mno-hw-mul/libc.a(lib_a-impure.o)
 .debug_abbrev  0x000000000000165d       0x37 /home/labarqcomp/intelFPGA/18.1/nios2eds/bin/gnu/H-x86_64-pc-linux-gnu/bin/../lib/gcc/nios2-elf/5.3.0/../../../../../H-x86_64-pc-linux-gnu/nios2-elf/lib/mno-hw-mul/libc.a(lib_a-int_errno.o)
 .debug_abbrev  0x0000000000001694       0x7f /home/labarqcomp/intelFPGA/18.1/nios2eds/bin/gnu/H-x86_64-pc-linux-gnu/bin/../lib/gcc/nios2-elf/5.3.0/../../../../../H-x86_64-pc-linux-gnu/nios2-elf/lib/mno-hw-mul/libc.a(lib_a-memcmp.o)
 .debug_abbrev  0x0000000000001713       0x90 /home/labarqcomp/intelFPGA/18.1/nios2eds/bin/gnu/H-x86_64-pc-linux-gnu/bin/../lib/gcc/nios2-elf/5.3.0/../../../../../H-x86_64-pc-linux-gnu/nios2-elf/lib/mno-hw-mul/libc.a(lib_a-strlen.o)
 .debug_abbrev  0x00000000000017a3      0x21e /home/labarqcomp/intelFPGA/18.1/nios2eds/bin/gnu/H-x86_64-pc-linux-gnu/bin/../lib/gcc/nios2-elf/5.3.0/../../../../../H-x86_64-pc-linux-gnu/nios2-elf/lib/mno-hw-mul/libc.a(lib_a-__atexit.o)
 .debug_abbrev  0x00000000000019c1      0x22e /home/labarqcomp/intelFPGA/18.1/nios2eds/bin/gnu/H-x86_64-pc-linux-gnu/bin/../lib/gcc/nios2-elf/5.3.0/../../../../../H-x86_64-pc-linux-gnu/nios2-elf/lib/mno-hw-mul/libc.a(lib_a-__call_atexit.o)
 .debug_abbrev  0x0000000000001bef      0x10e /home/labarqcomp/intelFPGA/18.1/nios2eds/bin/gnu/H-x86_64-pc-linux-gnu/bin/../lib/gcc/nios2-elf/5.3.0/mno-hw-mul/libgcc.a(lib2-divmod.o)
 .debug_abbrev  0x0000000000001cfd       0x6f /home/labarqcomp/intelFPGA/18.1/nios2eds/bin/gnu/H-x86_64-pc-linux-gnu/bin/../lib/gcc/nios2-elf/5.3.0/mno-hw-mul/libgcc.a(lib2-mul.o)
 .debug_abbrev  0x0000000000001d6c       0xa9 ../niosEntrega_bsp//libhal_bsp.a(alt_exit.o)

.debug_line     0x0000000000000000     0x2040
 *(.debug_line)
 .debug_line    0x0000000000000000       0x66 ../niosEntrega_bsp//obj/HAL/src/crt0.o
 .debug_line    0x0000000000000066       0x95 obj/default/hello_world.o
 .debug_line    0x00000000000000fb       0x8e ../niosEntrega_bsp//libhal_bsp.a(alt_load.o)
 .debug_line    0x0000000000000189       0xa4 ../niosEntrega_bsp//libhal_bsp.a(alt_main.o)
 .debug_line    0x000000000000022d       0xbb ../niosEntrega_bsp//libhal_bsp.a(alt_usleep.o)
 .debug_line    0x00000000000002e8      0x126 ../niosEntrega_bsp//libhal_bsp.a(alt_sys_init.o)
 .debug_line    0x000000000000040e      0x112 ../niosEntrega_bsp//libhal_bsp.a(altera_avalon_jtag_uart_fd.o)
 .debug_line    0x0000000000000520       0xfd ../niosEntrega_bsp//libhal_bsp.a(altera_avalon_jtag_uart_read.o)
 .debug_line    0x000000000000061d       0xf4 ../niosEntrega_bsp//libhal_bsp.a(altera_avalon_jtag_uart_write.o)
 .debug_line    0x0000000000000711       0xa2 ../niosEntrega_bsp//libhal_bsp.a(alt_busy_sleep.o)
 .debug_line    0x00000000000007b3      0x173 ../niosEntrega_bsp//libhal_bsp.a(alt_close.o)
 .debug_line    0x0000000000000926       0x51 ../niosEntrega_bsp//libhal_bsp.a(alt_dcache_flush_all.o)
 .debug_line    0x0000000000000977      0x106 ../niosEntrega_bsp//libhal_bsp.a(alt_dev.o)
 .debug_line    0x0000000000000a7d       0xcf ../niosEntrega_bsp//libhal_bsp.a(alt_dev_llist_insert.o)
 .debug_line    0x0000000000000b4c       0x59 ../niosEntrega_bsp//libhal_bsp.a(alt_do_ctors.o)
 .debug_line    0x0000000000000ba5       0x59 ../niosEntrega_bsp//libhal_bsp.a(alt_do_dtors.o)
 .debug_line    0x0000000000000bfe       0x51 ../niosEntrega_bsp//libhal_bsp.a(alt_errno.o)
 .debug_line    0x0000000000000c4f       0x4f ../niosEntrega_bsp//libhal_bsp.a(alt_icache_flush_all.o)
 .debug_line    0x0000000000000c9e      0x143 ../niosEntrega_bsp//libhal_bsp.a(alt_io_redirect.o)
 .debug_line    0x0000000000000de1      0x12b ../niosEntrega_bsp//libhal_bsp.a(alt_open.o)
 .debug_line    0x0000000000000f0c       0xb0 ../niosEntrega_bsp//libhal_bsp.a(alt_release_fd.o)
 .debug_line    0x0000000000000fbc       0x51 ../niosEntrega_bsp//libhal_bsp.a(altera_nios2_gen2_irq.o)
 .debug_line    0x000000000000100d       0xb5 ../niosEntrega_bsp//libhal_bsp.a(alt_find_dev.o)
 .debug_line    0x00000000000010c2       0xd1 ../niosEntrega_bsp//libhal_bsp.a(alt_find_file.o)
 .debug_line    0x0000000000001193       0xd7 ../niosEntrega_bsp//libhal_bsp.a(alt_get_fd.o)
 .debug_line    0x000000000000126a       0xe7 /home/labarqcomp/intelFPGA/18.1/nios2eds/bin/gnu/H-x86_64-pc-linux-gnu/bin/../lib/gcc/nios2-elf/5.3.0/../../../../../H-x86_64-pc-linux-gnu/nios2-elf/lib/mno-hw-mul/libc.a(lib_a-atexit.o)
 .debug_line    0x0000000000001351      0x1fc /home/labarqcomp/intelFPGA/18.1/nios2eds/bin/gnu/H-x86_64-pc-linux-gnu/bin/../lib/gcc/nios2-elf/5.3.0/../../../../../H-x86_64-pc-linux-gnu/nios2-elf/lib/mno-hw-mul/libc.a(lib_a-exit.o)
 .debug_line    0x000000000000154d      0x160 /home/labarqcomp/intelFPGA/18.1/nios2eds/bin/gnu/H-x86_64-pc-linux-gnu/bin/../lib/gcc/nios2-elf/5.3.0/../../../../../H-x86_64-pc-linux-gnu/nios2-elf/lib/mno-hw-mul/libc.a(lib_a-impure.o)
 .debug_line    0x00000000000016ad       0x5f /home/labarqcomp/intelFPGA/18.1/nios2eds/bin/gnu/H-x86_64-pc-linux-gnu/bin/../lib/gcc/nios2-elf/5.3.0/../../../../../H-x86_64-pc-linux-gnu/nios2-elf/lib/mno-hw-mul/libc.a(lib_a-int_errno.o)
 .debug_line    0x000000000000170c      0x176 /home/labarqcomp/intelFPGA/18.1/nios2eds/bin/gnu/H-x86_64-pc-linux-gnu/bin/../lib/gcc/nios2-elf/5.3.0/../../../../../H-x86_64-pc-linux-gnu/nios2-elf/lib/mno-hw-mul/libc.a(lib_a-memcmp.o)
 .debug_line    0x0000000000001882      0x16f /home/labarqcomp/intelFPGA/18.1/nios2eds/bin/gnu/H-x86_64-pc-linux-gnu/bin/../lib/gcc/nios2-elf/5.3.0/../../../../../H-x86_64-pc-linux-gnu/nios2-elf/lib/mno-hw-mul/libc.a(lib_a-strlen.o)
 .debug_line    0x00000000000019f1      0x21f /home/labarqcomp/intelFPGA/18.1/nios2eds/bin/gnu/H-x86_64-pc-linux-gnu/bin/../lib/gcc/nios2-elf/5.3.0/../../../../../H-x86_64-pc-linux-gnu/nios2-elf/lib/mno-hw-mul/libc.a(lib_a-__atexit.o)
 .debug_line    0x0000000000001c10      0x23a /home/labarqcomp/intelFPGA/18.1/nios2eds/bin/gnu/H-x86_64-pc-linux-gnu/bin/../lib/gcc/nios2-elf/5.3.0/../../../../../H-x86_64-pc-linux-gnu/nios2-elf/lib/mno-hw-mul/libc.a(lib_a-__call_atexit.o)
 .debug_line    0x0000000000001e4a      0x105 /home/labarqcomp/intelFPGA/18.1/nios2eds/bin/gnu/H-x86_64-pc-linux-gnu/bin/../lib/gcc/nios2-elf/5.3.0/mno-hw-mul/libgcc.a(lib2-divmod.o)
 .debug_line    0x0000000000001f4f       0x80 /home/labarqcomp/intelFPGA/18.1/nios2eds/bin/gnu/H-x86_64-pc-linux-gnu/bin/../lib/gcc/nios2-elf/5.3.0/mno-hw-mul/libgcc.a(lib2-mul.o)
 .debug_line    0x0000000000001fcf       0x71 ../niosEntrega_bsp//libhal_bsp.a(alt_exit.o)

.debug_frame    0x0000000000000000      0x820
 *(.debug_frame)
 .debug_frame   0x0000000000000000       0x50 obj/default/hello_world.o
 .debug_frame   0x0000000000000050       0x5c ../niosEntrega_bsp//libhal_bsp.a(alt_load.o)
 .debug_frame   0x00000000000000ac       0x2c ../niosEntrega_bsp//libhal_bsp.a(alt_main.o)
 .debug_frame   0x00000000000000d8       0x38 ../niosEntrega_bsp//libhal_bsp.a(alt_usleep.o)
 .debug_frame   0x0000000000000110       0x88 ../niosEntrega_bsp//libhal_bsp.a(alt_sys_init.o)
 .debug_frame   0x0000000000000198       0x60 ../niosEntrega_bsp//libhal_bsp.a(altera_avalon_jtag_uart_fd.o)
 .debug_frame   0x00000000000001f8       0x34 ../niosEntrega_bsp//libhal_bsp.a(altera_avalon_jtag_uart_read.o)
 .debug_frame   0x000000000000022c       0x34 ../niosEntrega_bsp//libhal_bsp.a(altera_avalon_jtag_uart_write.o)
 .debug_frame   0x0000000000000260       0x38 ../niosEntrega_bsp//libhal_bsp.a(alt_busy_sleep.o)
 .debug_frame   0x0000000000000298       0x60 ../niosEntrega_bsp//libhal_bsp.a(alt_close.o)
 .debug_frame   0x00000000000002f8       0x34 ../niosEntrega_bsp//libhal_bsp.a(alt_dcache_flush_all.o)
 .debug_frame   0x000000000000032c       0x34 ../niosEntrega_bsp//libhal_bsp.a(alt_dev.o)
 .debug_frame   0x0000000000000360       0x60 ../niosEntrega_bsp//libhal_bsp.a(alt_dev_llist_insert.o)
 .debug_frame   0x00000000000003c0       0x38 ../niosEntrega_bsp//libhal_bsp.a(alt_do_ctors.o)
 .debug_frame   0x00000000000003f8       0x38 ../niosEntrega_bsp//libhal_bsp.a(alt_do_dtors.o)
 .debug_frame   0x0000000000000430       0x34 ../niosEntrega_bsp//libhal_bsp.a(alt_icache_flush_all.o)
 .debug_frame   0x0000000000000464       0x64 ../niosEntrega_bsp//libhal_bsp.a(alt_io_redirect.o)
 .debug_frame   0x00000000000004c8       0x8c ../niosEntrega_bsp//libhal_bsp.a(alt_open.o)
 .debug_frame   0x0000000000000554       0x3c ../niosEntrega_bsp//libhal_bsp.a(alt_release_fd.o)
 .debug_frame   0x0000000000000590       0x34 ../niosEntrega_bsp//libhal_bsp.a(altera_nios2_gen2_irq.o)
 .debug_frame   0x00000000000005c4       0x38 ../niosEntrega_bsp//libhal_bsp.a(alt_find_dev.o)
 .debug_frame   0x00000000000005fc       0x38 ../niosEntrega_bsp//libhal_bsp.a(alt_find_file.o)
 .debug_frame   0x0000000000000634       0x3c ../niosEntrega_bsp//libhal_bsp.a(alt_get_fd.o)
 .debug_frame   0x0000000000000670       0x20 /home/labarqcomp/intelFPGA/18.1/nios2eds/bin/gnu/H-x86_64-pc-linux-gnu/bin/../lib/gcc/nios2-elf/5.3.0/../../../../../H-x86_64-pc-linux-gnu/nios2-elf/lib/mno-hw-mul/libc.a(lib_a-atexit.o)
 .debug_frame   0x0000000000000690       0x28 /home/labarqcomp/intelFPGA/18.1/nios2eds/bin/gnu/H-x86_64-pc-linux-gnu/bin/../lib/gcc/nios2-elf/5.3.0/../../../../../H-x86_64-pc-linux-gnu/nios2-elf/lib/mno-hw-mul/libc.a(lib_a-exit.o)
 .debug_frame   0x00000000000006b8       0x20 /home/labarqcomp/intelFPGA/18.1/nios2eds/bin/gnu/H-x86_64-pc-linux-gnu/bin/../lib/gcc/nios2-elf/5.3.0/../../../../../H-x86_64-pc-linux-gnu/nios2-elf/lib/mno-hw-mul/libc.a(lib_a-memcmp.o)
 .debug_frame   0x00000000000006d8       0x20 /home/labarqcomp/intelFPGA/18.1/nios2eds/bin/gnu/H-x86_64-pc-linux-gnu/bin/../lib/gcc/nios2-elf/5.3.0/../../../../../H-x86_64-pc-linux-gnu/nios2-elf/lib/mno-hw-mul/libc.a(lib_a-strlen.o)
 .debug_frame   0x00000000000006f8       0x38 /home/labarqcomp/intelFPGA/18.1/nios2eds/bin/gnu/H-x86_64-pc-linux-gnu/bin/../lib/gcc/nios2-elf/5.3.0/../../../../../H-x86_64-pc-linux-gnu/nios2-elf/lib/mno-hw-mul/libc.a(lib_a-__atexit.o)
 .debug_frame   0x0000000000000730       0x54 /home/labarqcomp/intelFPGA/18.1/nios2eds/bin/gnu/H-x86_64-pc-linux-gnu/bin/../lib/gcc/nios2-elf/5.3.0/../../../../../H-x86_64-pc-linux-gnu/nios2-elf/lib/mno-hw-mul/libc.a(lib_a-__call_atexit.o)
 .debug_frame   0x0000000000000784       0x50 /home/labarqcomp/intelFPGA/18.1/nios2eds/bin/gnu/H-x86_64-pc-linux-gnu/bin/../lib/gcc/nios2-elf/5.3.0/mno-hw-mul/libgcc.a(lib2-divmod.o)
 .debug_frame   0x00000000000007d4       0x20 /home/labarqcomp/intelFPGA/18.1/nios2eds/bin/gnu/H-x86_64-pc-linux-gnu/bin/../lib/gcc/nios2-elf/5.3.0/mno-hw-mul/libgcc.a(lib2-mul.o)
 .debug_frame   0x00000000000007f4       0x2c ../niosEntrega_bsp//libhal_bsp.a(alt_exit.o)

.debug_str      0x0000000000000000     0x1395
 *(.debug_str)
 .debug_str     0x0000000000000000      0x104 obj/default/hello_world.o
                                        0x142 (size before relaxing)
 .debug_str     0x0000000000000104      0x129 ../niosEntrega_bsp//libhal_bsp.a(alt_load.o)
                                        0x210 (size before relaxing)
 .debug_str     0x000000000000022d       0x70 ../niosEntrega_bsp//libhal_bsp.a(alt_main.o)
                                        0x19b (size before relaxing)
 .debug_str     0x000000000000029d       0x20 ../niosEntrega_bsp//libhal_bsp.a(alt_usleep.o)
                                        0x146 (size before relaxing)
 .debug_str     0x00000000000002bd      0x14c ../niosEntrega_bsp//libhal_bsp.a(alt_sys_init.o)
                                        0x2d2 (size before relaxing)
 .debug_str     0x0000000000000409       0x77 ../niosEntrega_bsp//libhal_bsp.a(altera_avalon_jtag_uart_fd.o)
                                        0x2d3 (size before relaxing)
 .debug_str     0x0000000000000480       0x48 ../niosEntrega_bsp//libhal_bsp.a(altera_avalon_jtag_uart_read.o)
                                        0x21d (size before relaxing)
 .debug_str     0x00000000000004c8       0x4a ../niosEntrega_bsp//libhal_bsp.a(altera_avalon_jtag_uart_write.o)
                                        0x213 (size before relaxing)
 .debug_str     0x0000000000000512       0x42 ../niosEntrega_bsp//libhal_bsp.a(alt_busy_sleep.o)
                                        0x169 (size before relaxing)
 .debug_str     0x0000000000000554       0x44 ../niosEntrega_bsp//libhal_bsp.a(alt_close.o)
                                        0x209 (size before relaxing)
 .debug_str     0x0000000000000598       0x34 ../niosEntrega_bsp//libhal_bsp.a(alt_dcache_flush_all.o)
                                        0x153 (size before relaxing)
 .debug_str     0x00000000000005cc      0x120 ../niosEntrega_bsp//libhal_bsp.a(alt_dev.o)
                                        0x303 (size before relaxing)
 .debug_str     0x00000000000006ec       0x4b ../niosEntrega_bsp//libhal_bsp.a(alt_dev_llist_insert.o)
                                        0x1ca (size before relaxing)
 .debug_str     0x0000000000000737       0x48 ../niosEntrega_bsp//libhal_bsp.a(alt_do_ctors.o)
                                         0xce (size before relaxing)
 .debug_str     0x000000000000077f       0x4c ../niosEntrega_bsp//libhal_bsp.a(alt_do_dtors.o)
                                         0xcd (size before relaxing)
 .debug_str     0x00000000000007cb       0x14 ../niosEntrega_bsp//libhal_bsp.a(alt_errno.o)
                                        0x143 (size before relaxing)
 .debug_str     0x00000000000007df       0x34 ../niosEntrega_bsp//libhal_bsp.a(alt_icache_flush_all.o)
                                        0x153 (size before relaxing)
 .debug_str     0x0000000000000813       0x56 ../niosEntrega_bsp//libhal_bsp.a(alt_io_redirect.o)
                                        0x314 (size before relaxing)
 .debug_str     0x0000000000000869       0x36 ../niosEntrega_bsp//libhal_bsp.a(alt_open.o)
                                        0x249 (size before relaxing)
 .debug_str     0x000000000000089f       0x28 ../niosEntrega_bsp//libhal_bsp.a(alt_release_fd.o)
                                        0x1d1 (size before relaxing)
 .debug_str     0x00000000000008c7       0x3b ../niosEntrega_bsp//libhal_bsp.a(altera_nios2_gen2_irq.o)
                                        0x15a (size before relaxing)
 .debug_str     0x0000000000000902       0x24 ../niosEntrega_bsp//libhal_bsp.a(alt_find_dev.o)
                                        0x1ea (size before relaxing)
 .debug_str     0x0000000000000926       0x26 ../niosEntrega_bsp//libhal_bsp.a(alt_find_file.o)
                                        0x1f8 (size before relaxing)
 .debug_str     0x000000000000094c       0x30 ../niosEntrega_bsp//libhal_bsp.a(alt_get_fd.o)
                                        0x21a (size before relaxing)
 .debug_str     0x000000000000097c      0x17d /home/labarqcomp/intelFPGA/18.1/nios2eds/bin/gnu/H-x86_64-pc-linux-gnu/bin/../lib/gcc/nios2-elf/5.3.0/../../../../../H-x86_64-pc-linux-gnu/nios2-elf/lib/mno-hw-mul/libc.a(lib_a-atexit.o)
                                        0x222 (size before relaxing)
 .debug_str     0x0000000000000af9      0x3c4 /home/labarqcomp/intelFPGA/18.1/nios2eds/bin/gnu/H-x86_64-pc-linux-gnu/bin/../lib/gcc/nios2-elf/5.3.0/../../../../../H-x86_64-pc-linux-gnu/nios2-elf/lib/mno-hw-mul/libc.a(lib_a-exit.o)
                                        0x5bf (size before relaxing)
 .debug_str     0x0000000000000ebd       0xd7 /home/labarqcomp/intelFPGA/18.1/nios2eds/bin/gnu/H-x86_64-pc-linux-gnu/bin/../lib/gcc/nios2-elf/5.3.0/../../../../../H-x86_64-pc-linux-gnu/nios2-elf/lib/mno-hw-mul/libc.a(lib_a-impure.o)
                                        0x5b6 (size before relaxing)
 .debug_str     0x0000000000000f94       0x3f /home/labarqcomp/intelFPGA/18.1/nios2eds/bin/gnu/H-x86_64-pc-linux-gnu/bin/../lib/gcc/nios2-elf/5.3.0/../../../../../H-x86_64-pc-linux-gnu/nios2-elf/lib/mno-hw-mul/libc.a(lib_a-int_errno.o)
                                        0x1de (size before relaxing)
 .debug_str     0x0000000000000fd3       0xdb /home/labarqcomp/intelFPGA/18.1/nios2eds/bin/gnu/H-x86_64-pc-linux-gnu/bin/../lib/gcc/nios2-elf/5.3.0/../../../../../H-x86_64-pc-linux-gnu/nios2-elf/lib/mno-hw-mul/libc.a(lib_a-memcmp.o)
                                        0x1e5 (size before relaxing)
 .debug_str     0x00000000000010ae       0x51 /home/labarqcomp/intelFPGA/18.1/nios2eds/bin/gnu/H-x86_64-pc-linux-gnu/bin/../lib/gcc/nios2-elf/5.3.0/../../../../../H-x86_64-pc-linux-gnu/nios2-elf/lib/mno-hw-mul/libc.a(lib_a-strlen.o)
                                        0x1f8 (size before relaxing)
 .debug_str     0x00000000000010ff       0x3f /home/labarqcomp/intelFPGA/18.1/nios2eds/bin/gnu/H-x86_64-pc-linux-gnu/bin/../lib/gcc/nios2-elf/5.3.0/../../../../../H-x86_64-pc-linux-gnu/nios2-elf/lib/mno-hw-mul/libc.a(lib_a-__atexit.o)
                                        0x5f7 (size before relaxing)
 .debug_str     0x000000000000113e       0x65 /home/labarqcomp/intelFPGA/18.1/nios2eds/bin/gnu/H-x86_64-pc-linux-gnu/bin/../lib/gcc/nios2-elf/5.3.0/../../../../../H-x86_64-pc-linux-gnu/nios2-elf/lib/mno-hw-mul/libc.a(lib_a-__call_atexit.o)
                                        0x5e3 (size before relaxing)
 .debug_str     0x00000000000011a3      0x188 /home/labarqcomp/intelFPGA/18.1/nios2eds/bin/gnu/H-x86_64-pc-linux-gnu/bin/../lib/gcc/nios2-elf/5.3.0/mno-hw-mul/libgcc.a(lib2-divmod.o)
                                        0x1d3 (size before relaxing)
 .debug_str     0x000000000000132b       0x40 /home/labarqcomp/intelFPGA/18.1/nios2eds/bin/gnu/H-x86_64-pc-linux-gnu/bin/../lib/gcc/nios2-elf/5.3.0/mno-hw-mul/libgcc.a(lib2-mul.o)
                                        0x194 (size before relaxing)
 .debug_str     0x000000000000136b       0x2a ../niosEntrega_bsp//libhal_bsp.a(alt_exit.o)
                                        0x14f (size before relaxing)

.debug_loc      0x0000000000000000      0xa6b
 *(.debug_loc)
 .debug_loc     0x0000000000000000       0x2c /home/labarqcomp/intelFPGA/18.1/nios2eds/bin/gnu/H-x86_64-pc-linux-gnu/bin/../lib/gcc/nios2-elf/5.3.0/../../../../../H-x86_64-pc-linux-gnu/nios2-elf/lib/mno-hw-mul/libc.a(lib_a-atexit.o)
 .debug_loc     0x000000000000002c       0x1e /home/labarqcomp/intelFPGA/18.1/nios2eds/bin/gnu/H-x86_64-pc-linux-gnu/bin/../lib/gcc/nios2-elf/5.3.0/../../../../../H-x86_64-pc-linux-gnu/nios2-elf/lib/mno-hw-mul/libc.a(lib_a-exit.o)
 .debug_loc     0x000000000000004a      0x126 /home/labarqcomp/intelFPGA/18.1/nios2eds/bin/gnu/H-x86_64-pc-linux-gnu/bin/../lib/gcc/nios2-elf/5.3.0/../../../../../H-x86_64-pc-linux-gnu/nios2-elf/lib/mno-hw-mul/libc.a(lib_a-memcmp.o)
 .debug_loc     0x0000000000000170       0x47 /home/labarqcomp/intelFPGA/18.1/nios2eds/bin/gnu/H-x86_64-pc-linux-gnu/bin/../lib/gcc/nios2-elf/5.3.0/../../../../../H-x86_64-pc-linux-gnu/nios2-elf/lib/mno-hw-mul/libc.a(lib_a-strlen.o)
 .debug_loc     0x00000000000001b7      0x185 /home/labarqcomp/intelFPGA/18.1/nios2eds/bin/gnu/H-x86_64-pc-linux-gnu/bin/../lib/gcc/nios2-elf/5.3.0/../../../../../H-x86_64-pc-linux-gnu/nios2-elf/lib/mno-hw-mul/libc.a(lib_a-__atexit.o)
 .debug_loc     0x000000000000033c      0x1ce /home/labarqcomp/intelFPGA/18.1/nios2eds/bin/gnu/H-x86_64-pc-linux-gnu/bin/../lib/gcc/nios2-elf/5.3.0/../../../../../H-x86_64-pc-linux-gnu/nios2-elf/lib/mno-hw-mul/libc.a(lib_a-__call_atexit.o)
 .debug_loc     0x000000000000050a      0x4ce /home/labarqcomp/intelFPGA/18.1/nios2eds/bin/gnu/H-x86_64-pc-linux-gnu/bin/../lib/gcc/nios2-elf/5.3.0/mno-hw-mul/libgcc.a(lib2-divmod.o)
 .debug_loc     0x00000000000009d8       0x93 /home/labarqcomp/intelFPGA/18.1/nios2eds/bin/gnu/H-x86_64-pc-linux-gnu/bin/../lib/gcc/nios2-elf/5.3.0/mno-hw-mul/libgcc.a(lib2-mul.o)

.debug_macinfo
 *(.debug_macinfo)

.debug_weaknames
 *(.debug_weaknames)

.debug_funcnames
 *(.debug_funcnames)

.debug_typenames
 *(.debug_typenames)

.debug_varnames
 *(.debug_varnames)

.debug_alt_sim_info
                0x0000000000000000       0x40
 *(.debug_alt_sim_info)
 .debug_alt_sim_info
                0x0000000000000000       0x10 ../niosEntrega_bsp//obj/HAL/src/crt0.o
 .debug_alt_sim_info
                0x0000000000000010       0x30 ../niosEntrega_bsp//libhal_bsp.a(alt_busy_sleep.o)
                0x000000000003d4c0                __alt_data_end = 0x3d4c0
                0x000000000003d4c0                PROVIDE (__alt_stack_pointer, __alt_data_end)
                [!provide]                        PROVIDE (__alt_stack_limit, __alt_stack_base)
                [!provide]                        PROVIDE (__alt_heap_start, end)
                [!provide]                        PROVIDE (__alt_heap_limit, 0x3d4c0)
OUTPUT(niosEntrega.elf elf32-littlenios2)

.debug_ranges   0x0000000000000000      0x118
 .debug_ranges  0x0000000000000000       0x20 ../niosEntrega_bsp//obj/HAL/src/crt0.o
 .debug_ranges  0x0000000000000020       0x18 ../niosEntrega_bsp//libhal_bsp.a(altera_avalon_jtag_uart_read.o)
 .debug_ranges  0x0000000000000038       0x10 /home/labarqcomp/intelFPGA/18.1/nios2eds/bin/gnu/H-x86_64-pc-linux-gnu/bin/../lib/gcc/nios2-elf/5.3.0/../../../../../H-x86_64-pc-linux-gnu/nios2-elf/lib/mno-hw-mul/libc.a(lib_a-atexit.o)
 .debug_ranges  0x0000000000000048       0x10 /home/labarqcomp/intelFPGA/18.1/nios2eds/bin/gnu/H-x86_64-pc-linux-gnu/bin/../lib/gcc/nios2-elf/5.3.0/../../../../../H-x86_64-pc-linux-gnu/nios2-elf/lib/mno-hw-mul/libc.a(lib_a-exit.o)
 .debug_ranges  0x0000000000000058       0x10 /home/labarqcomp/intelFPGA/18.1/nios2eds/bin/gnu/H-x86_64-pc-linux-gnu/bin/../lib/gcc/nios2-elf/5.3.0/../../../../../H-x86_64-pc-linux-gnu/nios2-elf/lib/mno-hw-mul/libc.a(lib_a-memcmp.o)
 .debug_ranges  0x0000000000000068       0x10 /home/labarqcomp/intelFPGA/18.1/nios2eds/bin/gnu/H-x86_64-pc-linux-gnu/bin/../lib/gcc/nios2-elf/5.3.0/../../../../../H-x86_64-pc-linux-gnu/nios2-elf/lib/mno-hw-mul/libc.a(lib_a-strlen.o)
 .debug_ranges  0x0000000000000078       0x10 /home/labarqcomp/intelFPGA/18.1/nios2eds/bin/gnu/H-x86_64-pc-linux-gnu/bin/../lib/gcc/nios2-elf/5.3.0/../../../../../H-x86_64-pc-linux-gnu/nios2-elf/lib/mno-hw-mul/libc.a(lib_a-__atexit.o)
 .debug_ranges  0x0000000000000088       0x30 /home/labarqcomp/intelFPGA/18.1/nios2eds/bin/gnu/H-x86_64-pc-linux-gnu/bin/../lib/gcc/nios2-elf/5.3.0/../../../../../H-x86_64-pc-linux-gnu/nios2-elf/lib/mno-hw-mul/libc.a(lib_a-__call_atexit.o)
 .debug_ranges  0x00000000000000b8       0x60 /home/labarqcomp/intelFPGA/18.1/nios2eds/bin/gnu/H-x86_64-pc-linux-gnu/bin/../lib/gcc/nios2-elf/5.3.0/mno-hw-mul/libgcc.a(lib2-divmod.o)
